TimeQuest Timing Analyzer report for Projeto
Sun Apr 07 10:48:18 2019
Quartus II 32-bit Version 13.0.0 Build 156 04/24/2013 SJ Web Edition


---------------------
; Table of Contents ;
---------------------
  1. Legal Notice
  2. TimeQuest Timing Analyzer Summary
  3. Parallel Compilation
  4. Clocks
  5. Slow Model Fmax Summary
  6. Slow Model Setup Summary
  7. Slow Model Hold Summary
  8. Slow Model Recovery Summary
  9. Slow Model Removal Summary
 10. Slow Model Minimum Pulse Width Summary
 11. Propagation Delay
 12. Minimum Propagation Delay
 13. Fast Model Setup Summary
 14. Fast Model Hold Summary
 15. Fast Model Recovery Summary
 16. Fast Model Removal Summary
 17. Fast Model Minimum Pulse Width Summary
 18. Propagation Delay
 19. Minimum Propagation Delay
 20. Multicorner Timing Analysis Summary
 21. Progagation Delay
 22. Minimum Progagation Delay
 23. Clock Transfers
 24. Report TCCS
 25. Report RSKM
 26. Unconstrained Paths
 27. TimeQuest Timing Analyzer Messages



----------------
; Legal Notice ;
----------------
Copyright (C) 1991-2013 Altera Corporation
Your use of Altera Corporation's design tools, logic functions 
and other software and tools, and its AMPP partner logic 
functions, and any output files from any of the foregoing 
(including device programming or simulation files), and any 
associated documentation or information are expressly subject 
to the terms and conditions of the Altera Program License 
Subscription Agreement, Altera MegaCore Function License 
Agreement, or other applicable license agreement, including, 
without limitation, that your use is for the sole purpose of 
programming logic devices manufactured by Altera and sold by 
Altera or its authorized distributors.  Please refer to the 
applicable agreement for further details.



+-------------------------------------------------------------------------+
; TimeQuest Timing Analyzer Summary                                       ;
+--------------------+----------------------------------------------------+
; Quartus II Version ; Version 13.0.0 Build 156 04/24/2013 SJ Web Edition ;
; Revision Name      ; Projeto                                            ;
; Device Family      ; Cyclone II                                         ;
; Device Name        ; EP2C35F672C6                                       ;
; Timing Models      ; Final                                              ;
; Delay Model        ; Combined                                           ;
; Rise/Fall Delays   ; Unavailable                                        ;
+--------------------+----------------------------------------------------+


Parallel compilation was disabled, but you have multiple processors available. Enable parallel compilation to reduce compilation time.
+-------------------------------------+
; Parallel Compilation                ;
+----------------------------+--------+
; Processors                 ; Number ;
+----------------------------+--------+
; Number detected on machine ; 4      ;
; Maximum allowed            ; 1      ;
+----------------------------+--------+


----------
; Clocks ;
----------
No clocks to report.


---------------------------
; Slow Model Fmax Summary ;
---------------------------
No paths to report.


----------------------------
; Slow Model Setup Summary ;
----------------------------
No paths to report.


---------------------------
; Slow Model Hold Summary ;
---------------------------
No paths to report.


-------------------------------
; Slow Model Recovery Summary ;
-------------------------------
No paths to report.


------------------------------
; Slow Model Removal Summary ;
------------------------------
No paths to report.


------------------------------------------
; Slow Model Minimum Pulse Width Summary ;
------------------------------------------
No paths to report.


+--------------------------------------------------------------+
; Propagation Delay                                            ;
+------------+-------------+--------+--------+--------+--------+
; Input Port ; Output Port ; RR     ; RF     ; FR     ; FF     ;
+------------+-------------+--------+--------+--------+--------+
; a[0]       ; cout        ; 9.320  ; 9.320  ; 9.320  ; 9.320  ;
; a[0]       ; coutmai     ; 7.350  ;        ;        ; 7.350  ;
; a[0]       ; coutmen     ;        ; 7.789  ; 7.789  ;        ;
; a[0]       ; dsp[0]      ; 10.960 ; 10.960 ; 10.960 ; 10.960 ;
; a[0]       ; dsp[1]      ; 10.700 ; 10.457 ; 10.457 ; 10.700 ;
; a[0]       ; dsp[2]      ; 10.679 ; 10.679 ; 10.679 ; 10.679 ;
; a[0]       ; dsp[3]      ; 10.739 ; 10.739 ; 10.739 ; 10.739 ;
; a[0]       ; dsp[4]      ; 10.514 ; 10.514 ; 10.514 ; 10.514 ;
; a[0]       ; dsp[5]      ; 10.712 ; 10.712 ; 10.712 ; 10.712 ;
; a[0]       ; dsp[6]      ; 10.888 ; 10.888 ; 10.888 ; 10.888 ;
; a[0]       ; rinv[0]     ;        ; 5.270  ; 5.270  ;        ;
; a[0]       ; rsoma[0]    ; 6.665  ; 6.665  ; 6.665  ; 6.665  ;
; a[0]       ; rsoma[1]    ; 6.655  ; 6.655  ; 6.655  ; 6.655  ;
; a[0]       ; rsoma[2]    ; 7.337  ; 7.337  ; 7.337  ; 7.337  ;
; a[0]       ; rsoma[3]    ; 8.000  ; 8.000  ; 8.000  ; 8.000  ;
; a[0]       ; rsub[0]     ; 6.665  ; 6.665  ; 6.665  ; 6.665  ;
; a[0]       ; rsub[1]     ; 6.445  ; 6.445  ; 6.445  ; 6.445  ;
; a[0]       ; rsub[2]     ; 7.110  ; 7.110  ; 7.110  ; 7.110  ;
; a[0]       ; rsub[3]     ; 7.803  ; 7.803  ; 7.803  ; 7.803  ;
; a[1]       ; cout        ; 13.221 ; 13.221 ; 13.221 ; 13.221 ;
; a[1]       ; coutmai     ; 11.225 ;        ;        ; 11.225 ;
; a[1]       ; coutmen     ;        ; 11.690 ; 11.690 ;        ;
; a[1]       ; dsp[0]      ; 14.861 ; 14.861 ; 14.861 ; 14.861 ;
; a[1]       ; dsp[1]      ; 14.601 ; 14.358 ; 14.358 ; 14.601 ;
; a[1]       ; dsp[2]      ; 14.580 ; 14.580 ; 14.580 ; 14.580 ;
; a[1]       ; dsp[3]      ; 14.640 ; 14.640 ; 14.640 ; 14.640 ;
; a[1]       ; dsp[4]      ; 14.415 ; 14.415 ; 14.415 ; 14.415 ;
; a[1]       ; dsp[5]      ; 14.613 ; 14.613 ; 14.613 ; 14.613 ;
; a[1]       ; dsp[6]      ; 14.789 ; 14.789 ; 14.789 ; 14.789 ;
; a[1]       ; rinv[1]     ;        ; 9.075  ; 9.075  ;        ;
; a[1]       ; rsoma[1]    ; 10.557 ; 10.557 ; 10.557 ; 10.557 ;
; a[1]       ; rsoma[2]    ; 11.238 ; 11.238 ; 11.238 ; 11.238 ;
; a[1]       ; rsoma[3]    ; 11.901 ; 11.901 ; 11.901 ; 11.901 ;
; a[1]       ; rsub[1]     ; 10.345 ; 10.345 ; 10.345 ; 10.345 ;
; a[1]       ; rsub[2]     ; 11.011 ; 11.011 ; 11.011 ; 11.011 ;
; a[1]       ; rsub[3]     ; 11.704 ; 11.704 ; 11.704 ; 11.704 ;
; a[2]       ; cout        ; 12.450 ; 12.626 ; 12.626 ; 12.450 ;
; a[2]       ; coutmai     ; 11.391 ;        ;        ; 11.391 ;
; a[2]       ; coutmen     ;        ; 10.919 ; 10.919 ;        ;
; a[2]       ; dsp[0]      ; 13.971 ; 13.971 ; 13.971 ; 13.971 ;
; a[2]       ; dsp[1]      ; 13.830 ; 13.584 ; 13.584 ; 13.830 ;
; a[2]       ; dsp[2]      ; 13.690 ; 13.690 ; 13.690 ; 13.690 ;
; a[2]       ; dsp[3]      ; 13.750 ; 13.750 ; 13.750 ; 13.750 ;
; a[2]       ; dsp[4]      ; 13.525 ; 13.525 ; 13.525 ; 13.525 ;
; a[2]       ; dsp[5]      ; 13.723 ; 13.723 ; 13.723 ; 13.723 ;
; a[2]       ; dsp[6]      ; 13.899 ; 13.899 ; 13.899 ; 13.899 ;
; a[2]       ; rinv[2]     ;        ; 8.006  ; 8.006  ;        ;
; a[2]       ; rsoma[2]    ; 10.464 ; 10.464 ; 10.464 ; 10.464 ;
; a[2]       ; rsoma[3]    ; 11.011 ; 11.011 ; 11.011 ; 11.011 ;
; a[2]       ; rsub[2]     ; 10.236 ; 10.236 ; 10.236 ; 10.236 ;
; a[2]       ; rsub[3]     ; 10.933 ; 10.933 ; 10.933 ; 10.933 ;
; a[3]       ; cout        ; 11.552 ; 12.161 ; 12.161 ; 11.552 ;
; a[3]       ; coutmai     ; 10.926 ;        ;        ; 10.926 ;
; a[3]       ; coutmen     ;        ; 9.776  ; 9.776  ;        ;
; a[3]       ; dsp[0]      ; 12.977 ; 12.977 ; 12.977 ; 12.977 ;
; a[3]       ; dsp[1]      ; 12.690 ; 12.200 ; 12.200 ; 12.690 ;
; a[3]       ; dsp[2]      ; 12.696 ; 12.696 ; 12.696 ; 12.696 ;
; a[3]       ; dsp[3]      ; 12.756 ; 12.756 ; 12.756 ; 12.756 ;
; a[3]       ; dsp[4]      ; 12.531 ; 12.531 ; 12.531 ; 12.531 ;
; a[3]       ; dsp[5]      ; 12.729 ; 12.729 ; 12.729 ; 12.729 ;
; a[3]       ; dsp[6]      ; 12.905 ; 12.905 ; 12.905 ; 12.905 ;
; a[3]       ; rinv[3]     ;        ; 8.887  ; 8.887  ;        ;
; a[3]       ; rsoma[3]    ; 10.017 ; 10.017 ; 10.017 ; 10.017 ;
; a[3]       ; rsub[3]     ; 9.785  ; 9.785  ; 9.785  ; 9.785  ;
; b[0]       ; cout        ; 9.441  ; 9.441  ; 9.441  ; 9.441  ;
; b[0]       ; coutmai     ;        ; 7.473  ; 7.473  ;        ;
; b[0]       ; coutmen     ; 7.910  ;        ;        ; 7.910  ;
; b[0]       ; dsp[0]      ; 11.080 ; 11.080 ; 11.080 ; 11.080 ;
; b[0]       ; dsp[1]      ; 10.577 ; 10.821 ; 10.821 ; 10.577 ;
; b[0]       ; dsp[2]      ; 10.799 ; 10.799 ; 10.799 ; 10.799 ;
; b[0]       ; dsp[3]      ; 10.859 ; 10.859 ; 10.859 ; 10.859 ;
; b[0]       ; dsp[4]      ; 10.634 ; 10.634 ; 10.634 ; 10.634 ;
; b[0]       ; dsp[5]      ; 10.832 ; 10.832 ; 10.832 ; 10.832 ;
; b[0]       ; dsp[6]      ; 11.008 ; 11.008 ; 11.008 ; 11.008 ;
; b[0]       ; rsoma[0]    ; 6.520  ; 6.520  ; 6.520  ; 6.520  ;
; b[0]       ; rsoma[1]    ; 6.779  ; 6.779  ; 6.779  ; 6.779  ;
; b[0]       ; rsoma[2]    ; 7.457  ; 7.457  ; 7.457  ; 7.457  ;
; b[0]       ; rsoma[3]    ; 8.120  ; 8.120  ; 8.120  ; 8.120  ;
; b[0]       ; rsub[0]     ; 6.520  ; 6.520  ; 6.520  ; 6.520  ;
; b[0]       ; rsub[1]     ; 6.568  ; 6.568  ; 6.568  ; 6.568  ;
; b[0]       ; rsub[2]     ; 7.231  ; 7.231  ; 7.231  ; 7.231  ;
; b[0]       ; rsub[3]     ; 7.924  ; 7.924  ; 7.924  ; 7.924  ;
; b[1]       ; cout        ; 12.408 ; 12.408 ; 12.408 ; 12.408 ;
; b[1]       ; coutmai     ;        ; 10.445 ; 10.445 ;        ;
; b[1]       ; coutmen     ; 10.877 ;        ;        ; 10.877 ;
; b[1]       ; dsp[0]      ; 14.048 ; 14.048 ; 14.048 ; 14.048 ;
; b[1]       ; dsp[1]      ; 13.545 ; 13.788 ; 13.788 ; 13.545 ;
; b[1]       ; dsp[2]      ; 13.767 ; 13.767 ; 13.767 ; 13.767 ;
; b[1]       ; dsp[3]      ; 13.827 ; 13.827 ; 13.827 ; 13.827 ;
; b[1]       ; dsp[4]      ; 13.602 ; 13.602 ; 13.602 ; 13.602 ;
; b[1]       ; dsp[5]      ; 13.800 ; 13.800 ; 13.800 ; 13.800 ;
; b[1]       ; dsp[6]      ; 13.976 ; 13.976 ; 13.976 ; 13.976 ;
; b[1]       ; rsoma[1]    ; 9.746  ; 9.746  ; 9.746  ; 9.746  ;
; b[1]       ; rsoma[2]    ; 10.425 ; 10.425 ; 10.425 ; 10.425 ;
; b[1]       ; rsoma[3]    ; 11.088 ; 11.088 ; 11.088 ; 11.088 ;
; b[1]       ; rsub[1]     ; 9.533  ; 9.533  ; 9.533  ; 9.533  ;
; b[1]       ; rsub[2]     ; 10.198 ; 10.198 ; 10.198 ; 10.198 ;
; b[1]       ; rsub[3]     ; 10.891 ; 10.891 ; 10.891 ; 10.891 ;
; b[2]       ; cout        ; 11.987 ; 11.526 ; 11.526 ; 11.987 ;
; b[2]       ; coutmai     ;        ; 10.752 ; 10.752 ;        ;
; b[2]       ; coutmen     ; 9.995  ;        ;        ; 9.995  ;
; b[2]       ; dsp[0]      ; 13.188 ; 13.188 ; 13.188 ; 13.188 ;
; b[2]       ; dsp[1]      ; 12.661 ; 12.906 ; 12.906 ; 12.661 ;
; b[2]       ; dsp[2]      ; 12.907 ; 12.907 ; 12.907 ; 12.907 ;
; b[2]       ; dsp[3]      ; 12.967 ; 12.967 ; 12.967 ; 12.967 ;
; b[2]       ; dsp[4]      ; 12.742 ; 12.742 ; 12.742 ; 12.742 ;
; b[2]       ; dsp[5]      ; 12.940 ; 12.940 ; 12.940 ; 12.940 ;
; b[2]       ; dsp[6]      ; 13.116 ; 13.116 ; 13.116 ; 13.116 ;
; b[2]       ; rsoma[2]    ; 9.541  ; 9.541  ; 9.541  ; 9.541  ;
; b[2]       ; rsoma[3]    ; 10.228 ; 10.228 ; 10.228 ; 10.228 ;
; b[2]       ; rsub[2]     ; 9.324  ; 9.324  ; 9.324  ; 9.324  ;
; b[2]       ; rsub[3]     ; 10.009 ; 10.009 ; 10.009 ; 10.009 ;
; b[3]       ; cout        ; 12.285 ; 11.676 ; 11.676 ; 12.285 ;
; b[3]       ; coutmai     ;        ; 11.050 ; 11.050 ;        ;
; b[3]       ; coutmen     ; 9.713  ;        ;        ; 9.713  ;
; b[3]       ; dsp[0]      ; 13.088 ; 13.088 ; 13.088 ; 13.088 ;
; b[3]       ; dsp[1]      ; 12.311 ; 12.800 ; 12.800 ; 12.311 ;
; b[3]       ; dsp[2]      ; 12.807 ; 12.807 ; 12.807 ; 12.807 ;
; b[3]       ; dsp[3]      ; 12.867 ; 12.867 ; 12.867 ; 12.867 ;
; b[3]       ; dsp[4]      ; 12.642 ; 12.642 ; 12.642 ; 12.642 ;
; b[3]       ; dsp[5]      ; 12.840 ; 12.840 ; 12.840 ; 12.840 ;
; b[3]       ; dsp[6]      ; 13.016 ; 13.016 ; 13.016 ; 13.016 ;
; b[3]       ; rsoma[3]    ; 10.128 ; 10.128 ; 10.128 ; 10.128 ;
; b[3]       ; rsub[3]     ; 9.727  ; 9.727  ; 9.727  ; 9.727  ;
; key[0]     ; cout        ; 10.830 ; 10.830 ; 10.830 ; 10.830 ;
; key[0]     ; dsp[0]      ; 13.185 ; 13.185 ; 13.185 ; 13.185 ;
; key[0]     ; dsp[1]      ; 13.018 ; 13.056 ; 13.056 ; 13.018 ;
; key[0]     ; dsp[2]      ; 12.904 ; 12.904 ; 12.904 ; 12.904 ;
; key[0]     ; dsp[3]      ; 12.964 ; 12.964 ; 12.964 ; 12.964 ;
; key[0]     ; dsp[4]      ; 12.625 ; 12.739 ; 12.739 ; 12.625 ;
; key[0]     ; dsp[5]      ; 13.202 ; 13.305 ; 13.305 ; 13.202 ;
; key[0]     ; dsp[6]      ; 13.230 ; 13.333 ; 13.333 ; 13.230 ;
; key[1]     ; cout        ; 10.904 ; 11.013 ; 11.013 ; 10.904 ;
; key[1]     ; dsp[0]      ; 13.377 ; 13.377 ; 13.377 ; 13.377 ;
; key[1]     ; dsp[1]      ; 13.210 ; 13.110 ; 13.110 ; 13.210 ;
; key[1]     ; dsp[2]      ; 13.096 ; 13.096 ; 13.096 ; 13.096 ;
; key[1]     ; dsp[3]      ; 13.156 ; 13.156 ; 13.156 ; 13.156 ;
; key[1]     ; dsp[4]      ; 12.805 ; 12.931 ; 12.931 ; 12.805 ;
; key[1]     ; dsp[5]      ; 13.485 ; 13.129 ; 13.129 ; 13.485 ;
; key[1]     ; dsp[6]      ; 13.513 ; 13.305 ; 13.305 ; 13.513 ;
; key[2]     ; cout        ; 10.941 ; 10.941 ; 10.941 ; 10.941 ;
; key[2]     ; dsp[0]      ; 13.290 ; 13.290 ; 13.290 ; 13.290 ;
; key[2]     ; dsp[1]      ; 13.160 ; 13.011 ; 13.011 ; 13.160 ;
; key[2]     ; dsp[2]      ; 13.009 ; 13.009 ; 13.009 ; 13.009 ;
; key[2]     ; dsp[3]      ; 13.069 ; 13.069 ; 13.069 ; 13.069 ;
; key[2]     ; dsp[4]      ; 12.711 ; 12.844 ; 12.844 ; 12.711 ;
; key[2]     ; dsp[5]      ; 13.386 ; 13.042 ; 13.042 ; 13.386 ;
; key[2]     ; dsp[6]      ; 13.414 ; 13.218 ; 13.218 ; 13.414 ;
; ld         ; cout        ; 10.946 ;        ;        ; 10.946 ;
; ld         ; dsp[0]      ; 13.293 ; 13.293 ; 13.293 ; 13.293 ;
; ld         ; dsp[1]      ; 13.126 ; 12.748 ; 12.748 ; 13.126 ;
; ld         ; dsp[2]      ; 13.012 ; 13.012 ; 13.012 ; 13.012 ;
; ld         ; dsp[3]      ; 13.072 ; 13.072 ; 13.072 ; 13.072 ;
; ld         ; dsp[4]      ; 12.398 ; 12.847 ; 12.847 ; 12.398 ;
; ld         ; dsp[5]      ; 13.045 ; 13.412 ; 13.412 ; 13.045 ;
; ld         ; dsp[6]      ; 13.096 ; 13.440 ; 13.440 ; 13.096 ;
+------------+-------------+--------+--------+--------+--------+


+--------------------------------------------------------------+
; Minimum Propagation Delay                                    ;
+------------+-------------+--------+--------+--------+--------+
; Input Port ; Output Port ; RR     ; RF     ; FR     ; FF     ;
+------------+-------------+--------+--------+--------+--------+
; a[0]       ; cout        ; 8.014  ; 8.585  ; 8.585  ; 8.014  ;
; a[0]       ; coutmai     ; 7.350  ;        ;        ; 7.350  ;
; a[0]       ; coutmen     ;        ; 7.789  ; 7.789  ;        ;
; a[0]       ; dsp[0]      ; 7.937  ; 7.937  ; 7.937  ; 7.937  ;
; a[0]       ; dsp[1]      ; 7.157  ; 7.157  ; 7.157  ; 7.157  ;
; a[0]       ; dsp[2]      ; 7.683  ; 7.683  ; 7.683  ; 7.683  ;
; a[0]       ; dsp[3]      ; 7.717  ; 7.717  ; 7.717  ; 7.717  ;
; a[0]       ; dsp[4]      ; 7.491  ; 7.491  ; 7.491  ; 7.491  ;
; a[0]       ; dsp[5]      ; 7.681  ; 7.681  ; 7.681  ; 7.681  ;
; a[0]       ; dsp[6]      ; 7.736  ; 7.736  ; 7.736  ; 7.736  ;
; a[0]       ; rinv[0]     ;        ; 5.270  ; 5.270  ;        ;
; a[0]       ; rsoma[0]    ; 6.665  ; 6.665  ; 6.665  ; 6.665  ;
; a[0]       ; rsoma[1]    ; 6.655  ; 6.655  ; 6.655  ; 6.655  ;
; a[0]       ; rsoma[2]    ; 7.337  ; 7.337  ; 7.337  ; 7.337  ;
; a[0]       ; rsoma[3]    ; 7.888  ; 7.888  ; 7.888  ; 7.888  ;
; a[0]       ; rsub[0]     ; 6.665  ; 6.665  ; 6.665  ; 6.665  ;
; a[0]       ; rsub[1]     ; 6.445  ; 6.445  ; 6.445  ; 6.445  ;
; a[0]       ; rsub[2]     ; 7.110  ; 7.110  ; 7.110  ; 7.110  ;
; a[0]       ; rsub[3]     ; 7.803  ; 7.803  ; 7.803  ; 7.803  ;
; a[1]       ; cout        ; 11.889 ; 12.460 ; 12.460 ; 11.889 ;
; a[1]       ; coutmai     ; 11.225 ;        ;        ; 11.225 ;
; a[1]       ; coutmen     ;        ; 11.690 ; 11.690 ;        ;
; a[1]       ; dsp[0]      ; 11.742 ; 11.742 ; 11.742 ; 11.742 ;
; a[1]       ; dsp[1]      ; 11.478 ; 11.189 ; 11.189 ; 11.478 ;
; a[1]       ; dsp[2]      ; 13.052 ; 11.490 ; 11.490 ; 13.052 ;
; a[1]       ; dsp[3]      ; 11.530 ; 11.530 ; 11.530 ; 11.530 ;
; a[1]       ; dsp[4]      ; 11.299 ; 12.856 ; 12.856 ; 11.299 ;
; a[1]       ; dsp[5]      ; 12.142 ; 11.478 ; 11.478 ; 12.142 ;
; a[1]       ; dsp[6]      ; 11.688 ; 11.688 ; 11.688 ; 11.688 ;
; a[1]       ; rinv[1]     ;        ; 9.075  ; 9.075  ;        ;
; a[1]       ; rsoma[1]    ; 10.557 ; 10.557 ; 10.557 ; 10.557 ;
; a[1]       ; rsoma[2]    ; 11.238 ; 11.238 ; 11.238 ; 11.238 ;
; a[1]       ; rsoma[3]    ; 11.789 ; 11.789 ; 11.789 ; 11.789 ;
; a[1]       ; rsub[1]     ; 10.345 ; 10.345 ; 10.345 ; 10.345 ;
; a[1]       ; rsub[2]     ; 11.011 ; 11.011 ; 11.011 ; 11.011 ;
; a[1]       ; rsub[3]     ; 11.704 ; 11.704 ; 11.704 ; 11.704 ;
; a[2]       ; cout        ; 11.817 ; 12.278 ; 12.278 ; 11.817 ;
; a[2]       ; coutmai     ; 11.043 ;        ;        ; 11.043 ;
; a[2]       ; coutmen     ;        ; 10.919 ; 10.919 ;        ;
; a[2]       ; dsp[0]      ; 12.701 ; 12.528 ; 12.528 ; 12.701 ;
; a[2]       ; dsp[1]      ; 11.620 ; 11.620 ; 11.620 ; 11.620 ;
; a[2]       ; dsp[2]      ; 12.444 ; 11.874 ; 11.874 ; 12.444 ;
; a[2]       ; dsp[3]      ; 12.477 ; 12.314 ; 12.314 ; 12.477 ;
; a[2]       ; dsp[4]      ; 12.247 ; 12.085 ; 12.085 ; 12.247 ;
; a[2]       ; dsp[5]      ; 12.444 ; 12.477 ; 12.477 ; 12.444 ;
; a[2]       ; dsp[6]      ; 12.312 ; 12.312 ; 12.312 ; 12.312 ;
; a[2]       ; rinv[2]     ;        ; 8.006  ; 8.006  ;        ;
; a[2]       ; rsoma[2]    ; 10.464 ; 10.464 ; 10.464 ; 10.464 ;
; a[2]       ; rsoma[3]    ; 11.011 ; 11.011 ; 11.011 ; 11.011 ;
; a[2]       ; rsub[2]     ; 10.236 ; 10.236 ; 10.236 ; 10.236 ;
; a[2]       ; rsub[3]     ; 10.933 ; 10.933 ; 10.933 ; 10.933 ;
; a[3]       ; cout        ; 10.824 ; 11.307 ; 11.307 ; 10.824 ;
; a[3]       ; coutmai     ; 10.583 ;        ;        ; 10.583 ;
; a[3]       ; coutmen     ;        ; 9.776  ; 9.776  ;        ;
; a[3]       ; dsp[0]      ; 12.606 ; 11.388 ; 11.388 ; 12.606 ;
; a[3]       ; dsp[1]      ; 11.428 ; 11.428 ; 11.428 ; 11.428 ;
; a[3]       ; dsp[2]      ; 12.325 ; 10.734 ; 10.734 ; 12.325 ;
; a[3]       ; dsp[3]      ; 12.385 ; 11.174 ; 11.174 ; 12.385 ;
; a[3]       ; dsp[4]      ; 12.160 ; 10.945 ; 10.945 ; 12.160 ;
; a[3]       ; dsp[5]      ; 12.293 ; 12.311 ; 12.311 ; 12.293 ;
; a[3]       ; dsp[6]      ; 11.191 ; 12.409 ; 12.409 ; 11.191 ;
; a[3]       ; rinv[3]     ;        ; 8.887  ; 8.887  ;        ;
; a[3]       ; rsoma[3]    ; 10.017 ; 10.017 ; 10.017 ; 10.017 ;
; a[3]       ; rsub[3]     ; 9.785  ; 9.785  ; 9.785  ; 9.785  ;
; b[0]       ; cout        ; 8.708  ; 8.137  ; 8.137  ; 8.708  ;
; b[0]       ; coutmai     ;        ; 7.473  ; 7.473  ;        ;
; b[0]       ; coutmen     ; 7.910  ;        ;        ; 7.910  ;
; b[0]       ; dsp[0]      ; 8.058  ; 8.058  ; 8.058  ; 8.058  ;
; b[0]       ; dsp[1]      ; 7.278  ; 7.278  ; 7.278  ; 7.278  ;
; b[0]       ; dsp[2]      ; 7.804  ; 7.804  ; 7.804  ; 7.804  ;
; b[0]       ; dsp[3]      ; 7.838  ; 7.838  ; 7.838  ; 7.838  ;
; b[0]       ; dsp[4]      ; 7.612  ; 7.612  ; 7.612  ; 7.612  ;
; b[0]       ; dsp[5]      ; 7.802  ; 7.802  ; 7.802  ; 7.802  ;
; b[0]       ; dsp[6]      ; 7.857  ; 7.857  ; 7.857  ; 7.857  ;
; b[0]       ; rsoma[0]    ; 6.520  ; 6.520  ; 6.520  ; 6.520  ;
; b[0]       ; rsoma[1]    ; 6.779  ; 6.779  ; 6.779  ; 6.779  ;
; b[0]       ; rsoma[2]    ; 7.457  ; 7.457  ; 7.457  ; 7.457  ;
; b[0]       ; rsoma[3]    ; 8.008  ; 8.008  ; 8.008  ; 8.008  ;
; b[0]       ; rsub[0]     ; 6.520  ; 6.520  ; 6.520  ; 6.520  ;
; b[0]       ; rsub[1]     ; 6.568  ; 6.568  ; 6.568  ; 6.568  ;
; b[0]       ; rsub[2]     ; 7.231  ; 7.231  ; 7.231  ; 7.231  ;
; b[0]       ; rsub[3]     ; 7.924  ; 7.924  ; 7.924  ; 7.924  ;
; b[1]       ; cout        ; 11.680 ; 11.109 ; 11.109 ; 11.680 ;
; b[1]       ; coutmai     ;        ; 10.445 ; 10.445 ;        ;
; b[1]       ; coutmen     ; 10.877 ;        ;        ; 10.877 ;
; b[1]       ; dsp[0]      ; 12.486 ; 12.493 ; 12.493 ; 12.486 ;
; b[1]       ; dsp[1]      ; 11.407 ; 11.407 ; 11.407 ; 11.407 ;
; b[1]       ; dsp[2]      ; 11.832 ; 12.241 ; 12.241 ; 11.832 ;
; b[1]       ; dsp[3]      ; 12.272 ; 12.281 ; 12.281 ; 12.272 ;
; b[1]       ; dsp[4]      ; 12.043 ; 12.050 ; 12.050 ; 12.043 ;
; b[1]       ; dsp[5]      ; 12.229 ; 12.229 ; 12.229 ; 12.229 ;
; b[1]       ; dsp[6]      ; 12.099 ; 12.099 ; 12.099 ; 12.099 ;
; b[1]       ; rsoma[1]    ; 9.746  ; 9.746  ; 9.746  ; 9.746  ;
; b[1]       ; rsoma[2]    ; 10.425 ; 10.425 ; 10.425 ; 10.425 ;
; b[1]       ; rsoma[3]    ; 10.976 ; 10.976 ; 10.976 ; 10.976 ;
; b[1]       ; rsub[1]     ; 9.533  ; 9.533  ; 9.533  ; 9.533  ;
; b[1]       ; rsub[2]     ; 10.198 ; 10.198 ; 10.198 ; 10.198 ;
; b[1]       ; rsub[3]     ; 10.891 ; 10.891 ; 10.891 ; 10.891 ;
; b[2]       ; cout        ; 10.898 ; 11.278 ; 11.278 ; 10.898 ;
; b[2]       ; coutmai     ;        ; 10.392 ; 10.392 ;        ;
; b[2]       ; coutmen     ; 9.995  ;        ;        ; 9.995  ;
; b[2]       ; dsp[0]      ; 11.604 ; 11.842 ; 11.842 ; 11.604 ;
; b[2]       ; dsp[1]      ; 10.693 ; 10.693 ; 10.693 ; 10.693 ;
; b[2]       ; dsp[2]      ; 10.950 ; 11.585 ; 11.585 ; 10.950 ;
; b[2]       ; dsp[3]      ; 11.390 ; 11.618 ; 11.618 ; 11.390 ;
; b[2]       ; dsp[4]      ; 11.161 ; 11.388 ; 11.388 ; 11.161 ;
; b[2]       ; dsp[5]      ; 11.585 ; 11.585 ; 11.585 ; 11.585 ;
; b[2]       ; dsp[6]      ; 11.385 ; 11.385 ; 11.385 ; 11.385 ;
; b[2]       ; rsoma[2]    ; 9.541  ; 9.541  ; 9.541  ; 9.541  ;
; b[2]       ; rsoma[3]    ; 10.092 ; 10.092 ; 10.092 ; 10.092 ;
; b[2]       ; rsub[2]     ; 9.324  ; 9.324  ; 9.324  ; 9.324  ;
; b[2]       ; rsub[3]     ; 10.009 ; 10.009 ; 10.009 ; 10.009 ;
; b[3]       ; cout        ; 10.938 ; 11.244 ; 11.244 ; 10.938 ;
; b[3]       ; coutmai     ;        ; 10.693 ; 10.693 ;        ;
; b[3]       ; coutmen     ; 9.713  ;        ;        ; 9.713  ;
; b[3]       ; dsp[0]      ; 11.498 ; 12.548 ; 12.548 ; 11.498 ;
; b[3]       ; dsp[1]      ; 11.370 ; 11.370 ; 11.370 ; 11.370 ;
; b[3]       ; dsp[2]      ; 10.844 ; 12.267 ; 12.267 ; 10.844 ;
; b[3]       ; dsp[3]      ; 11.284 ; 12.327 ; 12.327 ; 11.284 ;
; b[3]       ; dsp[4]      ; 11.055 ; 12.102 ; 12.102 ; 11.055 ;
; b[3]       ; dsp[5]      ; 12.253 ; 12.253 ; 12.253 ; 12.253 ;
; b[3]       ; dsp[6]      ; 12.351 ; 11.301 ; 11.301 ; 12.351 ;
; b[3]       ; rsoma[3]    ; 10.128 ; 10.128 ; 10.128 ; 10.128 ;
; b[3]       ; rsub[3]     ; 9.727  ; 9.727  ; 9.727  ; 9.727  ;
; key[0]     ; cout        ; 10.542 ; 10.053 ; 10.053 ; 10.542 ;
; key[0]     ; dsp[0]      ; 11.754 ; 10.767 ; 10.767 ; 11.754 ;
; key[0]     ; dsp[1]      ; 11.120 ; 11.120 ; 11.120 ; 11.120 ;
; key[0]     ; dsp[2]      ; 11.100 ; 10.299 ; 10.299 ; 11.100 ;
; key[0]     ; dsp[3]      ; 11.540 ; 10.548 ; 10.548 ; 11.540 ;
; key[0]     ; dsp[4]      ; 11.311 ; 10.321 ; 10.321 ; 11.311 ;
; key[0]     ; dsp[5]      ; 11.747 ; 10.340 ; 10.340 ; 11.747 ;
; key[0]     ; dsp[6]      ; 11.972 ; 11.063 ; 11.063 ; 11.972 ;
; key[1]     ; cout        ; 10.734 ; 10.233 ; 10.233 ; 10.734 ;
; key[1]     ; dsp[0]      ; 10.969 ; 10.969 ; 10.969 ; 10.969 ;
; key[1]     ; dsp[1]      ; 11.300 ; 11.300 ; 11.300 ; 11.300 ;
; key[1]     ; dsp[2]      ; 10.501 ; 10.501 ; 10.501 ; 10.501 ;
; key[1]     ; dsp[3]      ; 10.750 ; 10.750 ; 10.750 ; 10.750 ;
; key[1]     ; dsp[4]      ; 10.523 ; 10.523 ; 10.523 ; 10.523 ;
; key[1]     ; dsp[5]      ; 10.542 ; 10.542 ; 10.542 ; 10.542 ;
; key[1]     ; dsp[6]      ; 11.265 ; 11.265 ; 11.265 ; 11.265 ;
; key[2]     ; cout        ; 10.647 ; 10.139 ; 10.139 ; 10.647 ;
; key[2]     ; dsp[0]      ; 10.890 ; 10.890 ; 10.890 ; 10.890 ;
; key[2]     ; dsp[1]      ; 11.201 ; 11.201 ; 11.201 ; 11.201 ;
; key[2]     ; dsp[2]      ; 10.422 ; 10.422 ; 10.422 ; 10.422 ;
; key[2]     ; dsp[3]      ; 10.671 ; 10.671 ; 10.671 ; 10.671 ;
; key[2]     ; dsp[4]      ; 10.444 ; 10.444 ; 10.444 ; 10.444 ;
; key[2]     ; dsp[5]      ; 10.463 ; 10.463 ; 10.463 ; 10.463 ;
; key[2]     ; dsp[6]      ; 11.186 ; 11.186 ; 11.186 ; 11.186 ;
; ld         ; cout        ; 10.162 ;        ;        ; 10.162 ;
; ld         ; dsp[0]      ; 12.111 ; 10.889 ; 10.889 ; 12.111 ;
; ld         ; dsp[1]      ; 11.227 ; 11.227 ; 11.227 ; 11.227 ;
; ld         ; dsp[2]      ; 11.938 ; 10.421 ; 10.421 ; 11.938 ;
; ld         ; dsp[3]      ; 11.891 ; 10.670 ; 10.670 ; 11.891 ;
; ld         ; dsp[4]      ; 11.665 ; 10.443 ; 10.443 ; 11.665 ;
; ld         ; dsp[5]      ; 11.855 ; 10.462 ; 10.462 ; 11.855 ;
; ld         ; dsp[6]      ; 12.080 ; 11.185 ; 11.185 ; 12.080 ;
+------------+-------------+--------+--------+--------+--------+


----------------------------
; Fast Model Setup Summary ;
----------------------------
No paths to report.


---------------------------
; Fast Model Hold Summary ;
---------------------------
No paths to report.


-------------------------------
; Fast Model Recovery Summary ;
-------------------------------
No paths to report.


------------------------------
; Fast Model Removal Summary ;
------------------------------
No paths to report.


------------------------------------------
; Fast Model Minimum Pulse Width Summary ;
------------------------------------------
No paths to report.


+----------------------------------------------------------+
; Propagation Delay                                        ;
+------------+-------------+-------+-------+-------+-------+
; Input Port ; Output Port ; RR    ; RF    ; FR    ; FF    ;
+------------+-------------+-------+-------+-------+-------+
; a[0]       ; cout        ; 4.587 ; 4.587 ; 4.587 ; 4.587 ;
; a[0]       ; coutmai     ; 3.729 ;       ;       ; 3.729 ;
; a[0]       ; coutmen     ;       ; 3.913 ; 3.913 ;       ;
; a[0]       ; dsp[0]      ; 5.291 ; 5.291 ; 5.291 ; 5.291 ;
; a[0]       ; dsp[1]      ; 5.185 ; 5.062 ; 5.062 ; 5.185 ;
; a[0]       ; dsp[2]      ; 5.172 ; 5.172 ; 5.172 ; 5.172 ;
; a[0]       ; dsp[3]      ; 5.201 ; 5.201 ; 5.201 ; 5.201 ;
; a[0]       ; dsp[4]      ; 5.097 ; 5.097 ; 5.097 ; 5.097 ;
; a[0]       ; dsp[5]      ; 5.186 ; 5.186 ; 5.186 ; 5.186 ;
; a[0]       ; dsp[6]      ; 5.281 ; 5.281 ; 5.281 ; 5.281 ;
; a[0]       ; rinv[0]     ;       ; 2.804 ; 2.804 ;       ;
; a[0]       ; rsoma[0]    ; 3.454 ; 3.454 ; 3.454 ; 3.454 ;
; a[0]       ; rsoma[1]    ; 3.441 ; 3.441 ; 3.441 ; 3.441 ;
; a[0]       ; rsoma[2]    ; 3.729 ; 3.729 ; 3.729 ; 3.729 ;
; a[0]       ; rsoma[3]    ; 4.034 ; 4.034 ; 4.034 ; 4.034 ;
; a[0]       ; rsub[0]     ; 3.454 ; 3.454 ; 3.454 ; 3.454 ;
; a[0]       ; rsub[1]     ; 3.359 ; 3.359 ; 3.359 ; 3.359 ;
; a[0]       ; rsub[2]     ; 3.632 ; 3.632 ; 3.632 ; 3.632 ;
; a[0]       ; rsub[3]     ; 3.932 ; 3.932 ; 3.932 ; 3.932 ;
; a[1]       ; cout        ; 6.958 ; 6.958 ; 6.958 ; 6.958 ;
; a[1]       ; coutmai     ; 6.098 ;       ;       ; 6.098 ;
; a[1]       ; coutmen     ;       ; 6.284 ; 6.284 ;       ;
; a[1]       ; dsp[0]      ; 7.656 ; 7.656 ; 7.656 ; 7.656 ;
; a[1]       ; dsp[1]      ; 7.556 ; 7.427 ; 7.427 ; 7.556 ;
; a[1]       ; dsp[2]      ; 7.537 ; 7.537 ; 7.537 ; 7.537 ;
; a[1]       ; dsp[3]      ; 7.566 ; 7.566 ; 7.566 ; 7.566 ;
; a[1]       ; dsp[4]      ; 7.462 ; 7.462 ; 7.462 ; 7.462 ;
; a[1]       ; dsp[5]      ; 7.551 ; 7.551 ; 7.551 ; 7.551 ;
; a[1]       ; dsp[6]      ; 7.646 ; 7.646 ; 7.646 ; 7.646 ;
; a[1]       ; rinv[1]     ;       ; 5.185 ; 5.185 ;       ;
; a[1]       ; rsoma[1]    ; 5.806 ; 5.806 ; 5.806 ; 5.806 ;
; a[1]       ; rsoma[2]    ; 6.094 ; 6.094 ; 6.094 ; 6.094 ;
; a[1]       ; rsoma[3]    ; 6.399 ; 6.399 ; 6.399 ; 6.399 ;
; a[1]       ; rsub[1]     ; 5.724 ; 5.724 ; 5.724 ; 5.724 ;
; a[1]       ; rsub[2]     ; 6.003 ; 6.003 ; 6.003 ; 6.003 ;
; a[1]       ; rsub[3]     ; 6.303 ; 6.303 ; 6.303 ; 6.303 ;
; a[2]       ; cout        ; 6.712 ; 6.773 ; 6.773 ; 6.712 ;
; a[2]       ; coutmai     ; 6.249 ;       ;       ; 6.249 ;
; a[2]       ; coutmen     ;       ; 6.038 ; 6.038 ;       ;
; a[2]       ; dsp[0]      ; 7.370 ; 7.370 ; 7.370 ; 7.370 ;
; a[2]       ; dsp[1]      ; 7.310 ; 7.189 ; 7.189 ; 7.310 ;
; a[2]       ; dsp[2]      ; 7.251 ; 7.251 ; 7.251 ; 7.251 ;
; a[2]       ; dsp[3]      ; 7.280 ; 7.280 ; 7.280 ; 7.280 ;
; a[2]       ; dsp[4]      ; 7.176 ; 7.176 ; 7.176 ; 7.176 ;
; a[2]       ; dsp[5]      ; 7.265 ; 7.265 ; 7.265 ; 7.265 ;
; a[2]       ; dsp[6]      ; 7.360 ; 7.360 ; 7.360 ; 7.360 ;
; a[2]       ; rinv[2]     ;       ; 4.636 ; 4.636 ;       ;
; a[2]       ; rsoma[2]    ; 5.856 ; 5.856 ; 5.856 ; 5.856 ;
; a[2]       ; rsoma[3]    ; 6.113 ; 6.113 ; 6.113 ; 6.113 ;
; a[2]       ; rsub[2]     ; 5.756 ; 5.756 ; 5.756 ; 5.756 ;
; a[2]       ; rsub[3]     ; 6.057 ; 6.057 ; 6.057 ; 6.057 ;
; a[3]       ; cout        ; 6.221 ; 6.476 ; 6.476 ; 6.221 ;
; a[3]       ; coutmai     ; 5.952 ;       ;       ; 5.952 ;
; a[3]       ; coutmen     ;       ; 5.451 ; 5.451 ;       ;
; a[3]       ; dsp[0]      ; 6.828 ; 6.828 ; 6.828 ; 6.828 ;
; a[3]       ; dsp[1]      ; 6.722 ; 6.487 ; 6.487 ; 6.722 ;
; a[3]       ; dsp[2]      ; 6.709 ; 6.709 ; 6.709 ; 6.709 ;
; a[3]       ; dsp[3]      ; 6.738 ; 6.738 ; 6.738 ; 6.738 ;
; a[3]       ; dsp[4]      ; 6.634 ; 6.634 ; 6.634 ; 6.634 ;
; a[3]       ; dsp[5]      ; 6.723 ; 6.723 ; 6.723 ; 6.723 ;
; a[3]       ; dsp[6]      ; 6.818 ; 6.818 ; 6.818 ; 6.818 ;
; a[3]       ; rinv[3]     ;       ; 5.057 ; 5.057 ;       ;
; a[3]       ; rsoma[3]    ; 5.571 ; 5.571 ; 5.571 ; 5.571 ;
; a[3]       ; rsub[3]     ; 5.465 ; 5.465 ; 5.465 ; 5.465 ;
; b[0]       ; cout        ; 4.645 ; 4.645 ; 4.645 ; 4.645 ;
; b[0]       ; coutmai     ;       ; 3.791 ; 3.791 ;       ;
; b[0]       ; coutmen     ; 3.971 ;       ;       ; 3.971 ;
; b[0]       ; dsp[0]      ; 5.349 ; 5.349 ; 5.349 ; 5.349 ;
; b[0]       ; dsp[1]      ; 5.120 ; 5.243 ; 5.243 ; 5.120 ;
; b[0]       ; dsp[2]      ; 5.230 ; 5.230 ; 5.230 ; 5.230 ;
; b[0]       ; dsp[3]      ; 5.259 ; 5.259 ; 5.259 ; 5.259 ;
; b[0]       ; dsp[4]      ; 5.155 ; 5.155 ; 5.155 ; 5.155 ;
; b[0]       ; dsp[5]      ; 5.244 ; 5.244 ; 5.244 ; 5.244 ;
; b[0]       ; dsp[6]      ; 5.339 ; 5.339 ; 5.339 ; 5.339 ;
; b[0]       ; rsoma[0]    ; 3.399 ; 3.399 ; 3.399 ; 3.399 ;
; b[0]       ; rsoma[1]    ; 3.495 ; 3.495 ; 3.495 ; 3.495 ;
; b[0]       ; rsoma[2]    ; 3.787 ; 3.787 ; 3.787 ; 3.787 ;
; b[0]       ; rsoma[3]    ; 4.092 ; 4.092 ; 4.092 ; 4.092 ;
; b[0]       ; rsub[0]     ; 3.399 ; 3.399 ; 3.399 ; 3.399 ;
; b[0]       ; rsub[1]     ; 3.417 ; 3.417 ; 3.417 ; 3.417 ;
; b[0]       ; rsub[2]     ; 3.690 ; 3.690 ; 3.690 ; 3.690 ;
; b[0]       ; rsub[3]     ; 3.990 ; 3.990 ; 3.990 ; 3.990 ;
; b[1]       ; cout        ; 6.578 ; 6.578 ; 6.578 ; 6.578 ;
; b[1]       ; coutmai     ;       ; 5.729 ; 5.729 ;       ;
; b[1]       ; coutmen     ; 5.904 ;       ;       ; 5.904 ;
; b[1]       ; dsp[0]      ; 7.283 ; 7.283 ; 7.283 ; 7.283 ;
; b[1]       ; dsp[1]      ; 7.054 ; 7.176 ; 7.176 ; 7.054 ;
; b[1]       ; dsp[2]      ; 7.164 ; 7.164 ; 7.164 ; 7.164 ;
; b[1]       ; dsp[3]      ; 7.193 ; 7.193 ; 7.193 ; 7.193 ;
; b[1]       ; dsp[4]      ; 7.089 ; 7.089 ; 7.089 ; 7.089 ;
; b[1]       ; dsp[5]      ; 7.178 ; 7.178 ; 7.178 ; 7.178 ;
; b[1]       ; dsp[6]      ; 7.273 ; 7.273 ; 7.273 ; 7.273 ;
; b[1]       ; rsoma[1]    ; 5.432 ; 5.432 ; 5.432 ; 5.432 ;
; b[1]       ; rsoma[2]    ; 5.721 ; 5.721 ; 5.721 ; 5.721 ;
; b[1]       ; rsoma[3]    ; 6.026 ; 6.026 ; 6.026 ; 6.026 ;
; b[1]       ; rsub[1]     ; 5.350 ; 5.350 ; 5.350 ; 5.350 ;
; b[1]       ; rsub[2]     ; 5.623 ; 5.623 ; 5.623 ; 5.623 ;
; b[1]       ; rsub[3]     ; 5.923 ; 5.923 ; 5.923 ; 5.923 ;
; b[2]       ; cout        ; 6.398 ; 6.201 ; 6.201 ; 6.398 ;
; b[2]       ; coutmai     ;       ; 5.874 ; 5.874 ;       ;
; b[2]       ; coutmen     ; 5.527 ;       ;       ; 5.527 ;
; b[2]       ; dsp[0]      ; 6.904 ; 6.904 ; 6.904 ; 6.904 ;
; b[2]       ; dsp[1]      ; 6.681 ; 6.799 ; 6.799 ; 6.681 ;
; b[2]       ; dsp[2]      ; 6.785 ; 6.785 ; 6.785 ; 6.785 ;
; b[2]       ; dsp[3]      ; 6.814 ; 6.814 ; 6.814 ; 6.814 ;
; b[2]       ; dsp[4]      ; 6.710 ; 6.710 ; 6.710 ; 6.710 ;
; b[2]       ; dsp[5]      ; 6.799 ; 6.799 ; 6.799 ; 6.799 ;
; b[2]       ; dsp[6]      ; 6.894 ; 6.894 ; 6.894 ; 6.894 ;
; b[2]       ; rsoma[2]    ; 5.348 ; 5.348 ; 5.348 ; 5.348 ;
; b[2]       ; rsoma[3]    ; 5.647 ; 5.647 ; 5.647 ; 5.647 ;
; b[2]       ; rsub[2]     ; 5.259 ; 5.259 ; 5.259 ; 5.259 ;
; b[2]       ; rsub[3]     ; 5.546 ; 5.546 ; 5.546 ; 5.546 ;
; b[3]       ; cout        ; 6.545 ; 6.290 ; 6.290 ; 6.545 ;
; b[3]       ; coutmai     ;       ; 6.021 ; 6.021 ;       ;
; b[3]       ; coutmen     ; 5.423 ;       ;       ; 5.423 ;
; b[3]       ; dsp[0]      ; 6.880 ; 6.880 ; 6.880 ; 6.880 ;
; b[3]       ; dsp[1]      ; 6.539 ; 6.779 ; 6.779 ; 6.539 ;
; b[3]       ; dsp[2]      ; 6.761 ; 6.761 ; 6.761 ; 6.761 ;
; b[3]       ; dsp[3]      ; 6.790 ; 6.790 ; 6.790 ; 6.790 ;
; b[3]       ; dsp[4]      ; 6.686 ; 6.686 ; 6.686 ; 6.686 ;
; b[3]       ; dsp[5]      ; 6.775 ; 6.775 ; 6.775 ; 6.775 ;
; b[3]       ; dsp[6]      ; 6.870 ; 6.870 ; 6.870 ; 6.870 ;
; b[3]       ; rsoma[3]    ; 5.623 ; 5.623 ; 5.623 ; 5.623 ;
; b[3]       ; rsub[3]     ; 5.441 ; 5.441 ; 5.441 ; 5.441 ;
; key[0]     ; cout        ; 5.879 ; 5.879 ; 5.879 ; 5.879 ;
; key[0]     ; dsp[0]      ; 6.922 ; 6.922 ; 6.922 ; 6.922 ;
; key[0]     ; dsp[1]      ; 6.853 ; 6.902 ; 6.902 ; 6.853 ;
; key[0]     ; dsp[2]      ; 6.803 ; 6.803 ; 6.803 ; 6.803 ;
; key[0]     ; dsp[3]      ; 6.832 ; 6.832 ; 6.832 ; 6.832 ;
; key[0]     ; dsp[4]      ; 6.666 ; 6.728 ; 6.728 ; 6.666 ;
; key[0]     ; dsp[5]      ; 6.921 ; 6.981 ; 6.981 ; 6.921 ;
; key[0]     ; dsp[6]      ; 6.947 ; 7.007 ; 7.007 ; 6.947 ;
; key[1]     ; cout        ; 5.941 ; 5.984 ; 5.984 ; 5.941 ;
; key[1]     ; dsp[0]      ; 7.007 ; 7.007 ; 7.007 ; 7.007 ;
; key[1]     ; dsp[1]      ; 6.938 ; 6.872 ; 6.872 ; 6.938 ;
; key[1]     ; dsp[2]      ; 6.888 ; 6.888 ; 6.888 ; 6.888 ;
; key[1]     ; dsp[3]      ; 6.917 ; 6.917 ; 6.917 ; 6.917 ;
; key[1]     ; dsp[4]      ; 6.770 ; 6.813 ; 6.813 ; 6.770 ;
; key[1]     ; dsp[5]      ; 7.059 ; 6.902 ; 6.902 ; 7.059 ;
; key[1]     ; dsp[6]      ; 7.085 ; 6.997 ; 6.997 ; 7.085 ;
; key[2]     ; cout        ; 5.938 ; 5.938 ; 5.938 ; 5.938 ;
; key[2]     ; dsp[0]      ; 6.953 ; 6.953 ; 6.953 ; 6.953 ;
; key[2]     ; dsp[1]      ; 6.939 ; 6.816 ; 6.816 ; 6.939 ;
; key[2]     ; dsp[2]      ; 6.834 ; 6.834 ; 6.834 ; 6.834 ;
; key[2]     ; dsp[3]      ; 6.863 ; 6.863 ; 6.863 ; 6.863 ;
; key[2]     ; dsp[4]      ; 6.718 ; 6.759 ; 6.759 ; 6.718 ;
; key[2]     ; dsp[5]      ; 7.003 ; 6.848 ; 6.848 ; 7.003 ;
; key[2]     ; dsp[6]      ; 7.029 ; 6.943 ; 6.943 ; 7.029 ;
; ld         ; cout        ; 5.945 ;       ;       ; 5.945 ;
; ld         ; dsp[0]      ; 6.957 ; 6.957 ; 6.957 ; 6.957 ;
; ld         ; dsp[1]      ; 6.888 ; 6.735 ; 6.735 ; 6.888 ;
; ld         ; dsp[2]      ; 6.838 ; 6.838 ; 6.838 ; 6.838 ;
; ld         ; dsp[3]      ; 6.867 ; 6.867 ; 6.867 ; 6.867 ;
; ld         ; dsp[4]      ; 6.587 ; 6.763 ; 6.763 ; 6.587 ;
; ld         ; dsp[5]      ; 6.852 ; 7.013 ; 7.013 ; 6.852 ;
; ld         ; dsp[6]      ; 6.889 ; 7.039 ; 7.039 ; 6.889 ;
+------------+-------------+-------+-------+-------+-------+


+----------------------------------------------------------+
; Minimum Propagation Delay                                ;
+------------+-------------+-------+-------+-------+-------+
; Input Port ; Output Port ; RR    ; RF    ; FR    ; FF    ;
+------------+-------------+-------+-------+-------+-------+
; a[0]       ; cout        ; 4.002 ; 4.253 ; 4.253 ; 4.002 ;
; a[0]       ; coutmai     ; 3.729 ;       ;       ; 3.729 ;
; a[0]       ; coutmen     ;       ; 3.913 ; 3.913 ;       ;
; a[0]       ; dsp[0]      ; 3.997 ; 3.997 ; 3.997 ; 3.997 ;
; a[0]       ; dsp[1]      ; 3.658 ; 3.658 ; 3.658 ; 3.658 ;
; a[0]       ; dsp[2]      ; 3.872 ; 3.872 ; 3.872 ; 3.872 ;
; a[0]       ; dsp[3]      ; 3.907 ; 3.907 ; 3.907 ; 3.907 ;
; a[0]       ; dsp[4]      ; 3.804 ; 3.804 ; 3.804 ; 3.804 ;
; a[0]       ; dsp[5]      ; 3.880 ; 3.880 ; 3.880 ; 3.880 ;
; a[0]       ; dsp[6]      ; 3.923 ; 3.923 ; 3.923 ; 3.923 ;
; a[0]       ; rinv[0]     ;       ; 2.804 ; 2.804 ;       ;
; a[0]       ; rsoma[0]    ; 3.454 ; 3.454 ; 3.454 ; 3.454 ;
; a[0]       ; rsoma[1]    ; 3.441 ; 3.441 ; 3.441 ; 3.441 ;
; a[0]       ; rsoma[2]    ; 3.729 ; 3.729 ; 3.729 ; 3.729 ;
; a[0]       ; rsoma[3]    ; 3.961 ; 3.961 ; 3.961 ; 3.961 ;
; a[0]       ; rsub[0]     ; 3.454 ; 3.454 ; 3.454 ; 3.454 ;
; a[0]       ; rsub[1]     ; 3.359 ; 3.359 ; 3.359 ; 3.359 ;
; a[0]       ; rsub[2]     ; 3.632 ; 3.632 ; 3.632 ; 3.632 ;
; a[0]       ; rsub[3]     ; 3.932 ; 3.932 ; 3.932 ; 3.932 ;
; a[1]       ; cout        ; 6.371 ; 6.622 ; 6.622 ; 6.371 ;
; a[1]       ; coutmai     ; 6.098 ;       ;       ; 6.098 ;
; a[1]       ; coutmen     ;       ; 6.284 ; 6.284 ;       ;
; a[1]       ; dsp[0]      ; 6.316 ; 6.316 ; 6.316 ; 6.316 ;
; a[1]       ; dsp[1]      ; 6.215 ; 6.077 ; 6.077 ; 6.215 ;
; a[1]       ; dsp[2]      ; 6.864 ; 6.196 ; 6.196 ; 6.864 ;
; a[1]       ; dsp[3]      ; 6.231 ; 6.231 ; 6.231 ; 6.231 ;
; a[1]       ; dsp[4]      ; 6.129 ; 6.797 ; 6.797 ; 6.129 ;
; a[1]       ; dsp[5]      ; 6.493 ; 6.185 ; 6.185 ; 6.493 ;
; a[1]       ; dsp[6]      ; 6.318 ; 6.318 ; 6.318 ; 6.318 ;
; a[1]       ; rinv[1]     ;       ; 5.185 ; 5.185 ;       ;
; a[1]       ; rsoma[1]    ; 5.806 ; 5.806 ; 5.806 ; 5.806 ;
; a[1]       ; rsoma[2]    ; 6.094 ; 6.094 ; 6.094 ; 6.094 ;
; a[1]       ; rsoma[3]    ; 6.326 ; 6.326 ; 6.326 ; 6.326 ;
; a[1]       ; rsub[1]     ; 5.724 ; 5.724 ; 5.724 ; 5.724 ;
; a[1]       ; rsub[2]     ; 6.003 ; 6.003 ; 6.003 ; 6.003 ;
; a[1]       ; rsub[3]     ; 6.303 ; 6.303 ; 6.303 ; 6.303 ;
; a[2]       ; cout        ; 6.450 ; 6.626 ; 6.626 ; 6.450 ;
; a[2]       ; coutmai     ; 6.102 ;       ;       ; 6.102 ;
; a[2]       ; coutmen     ;       ; 6.038 ; 6.038 ;       ;
; a[2]       ; dsp[0]      ; 6.846 ; 6.742 ; 6.742 ; 6.846 ;
; a[2]       ; dsp[1]      ; 6.330 ; 6.330 ; 6.330 ; 6.330 ;
; a[2]       ; dsp[2]      ; 6.717 ; 6.466 ; 6.466 ; 6.717 ;
; a[2]       ; dsp[3]      ; 6.752 ; 6.657 ; 6.657 ; 6.752 ;
; a[2]       ; dsp[4]      ; 6.646 ; 6.552 ; 6.552 ; 6.646 ;
; a[2]       ; dsp[5]      ; 6.726 ; 6.726 ; 6.726 ; 6.726 ;
; a[2]       ; dsp[6]      ; 6.634 ; 6.634 ; 6.634 ; 6.634 ;
; a[2]       ; rinv[2]     ;       ; 4.636 ; 4.636 ;       ;
; a[2]       ; rsoma[2]    ; 5.856 ; 5.856 ; 5.856 ; 5.856 ;
; a[2]       ; rsoma[3]    ; 6.113 ; 6.113 ; 6.113 ; 6.113 ;
; a[2]       ; rsub[2]     ; 5.756 ; 5.756 ; 5.756 ; 5.756 ;
; a[2]       ; rsub[3]     ; 6.057 ; 6.057 ; 6.057 ; 6.057 ;
; a[3]       ; cout        ; 5.906 ; 6.125 ; 6.125 ; 5.906 ;
; a[3]       ; coutmai     ; 5.807 ;       ;       ; 5.807 ;
; a[3]       ; coutmen     ;       ; 5.451 ; 5.451 ;       ;
; a[3]       ; dsp[0]      ; 6.669 ; 6.154 ; 6.154 ; 6.669 ;
; a[3]       ; dsp[1]      ; 6.160 ; 6.160 ; 6.160 ; 6.160 ;
; a[3]       ; dsp[2]      ; 6.550 ; 5.878 ; 5.878 ; 6.550 ;
; a[3]       ; dsp[3]      ; 6.579 ; 6.069 ; 6.069 ; 6.579 ;
; a[3]       ; dsp[4]      ; 6.475 ; 5.964 ; 5.964 ; 6.475 ;
; a[3]       ; dsp[5]      ; 6.549 ; 6.550 ; 6.550 ; 6.549 ;
; a[3]       ; dsp[6]      ; 6.081 ; 6.601 ; 6.601 ; 6.081 ;
; a[3]       ; rinv[3]     ;       ; 5.057 ; 5.057 ;       ;
; a[3]       ; rsoma[3]    ; 5.571 ; 5.571 ; 5.571 ; 5.571 ;
; a[3]       ; rsub[3]     ; 5.465 ; 5.465 ; 5.465 ; 5.465 ;
; b[0]       ; cout        ; 4.315 ; 4.064 ; 4.064 ; 4.315 ;
; b[0]       ; coutmai     ;       ; 3.791 ; 3.791 ;       ;
; b[0]       ; coutmen     ; 3.971 ;       ;       ; 3.971 ;
; b[0]       ; dsp[0]      ; 4.051 ; 4.051 ; 4.051 ; 4.051 ;
; b[0]       ; dsp[1]      ; 3.712 ; 3.712 ; 3.712 ; 3.712 ;
; b[0]       ; dsp[2]      ; 3.926 ; 3.926 ; 3.926 ; 3.926 ;
; b[0]       ; dsp[3]      ; 3.961 ; 3.961 ; 3.961 ; 3.961 ;
; b[0]       ; dsp[4]      ; 3.858 ; 3.858 ; 3.858 ; 3.858 ;
; b[0]       ; dsp[5]      ; 3.934 ; 3.934 ; 3.934 ; 3.934 ;
; b[0]       ; dsp[6]      ; 3.977 ; 3.977 ; 3.977 ; 3.977 ;
; b[0]       ; rsoma[0]    ; 3.399 ; 3.399 ; 3.399 ; 3.399 ;
; b[0]       ; rsoma[1]    ; 3.495 ; 3.495 ; 3.495 ; 3.495 ;
; b[0]       ; rsoma[2]    ; 3.787 ; 3.787 ; 3.787 ; 3.787 ;
; b[0]       ; rsoma[3]    ; 4.019 ; 4.019 ; 4.019 ; 4.019 ;
; b[0]       ; rsub[0]     ; 3.399 ; 3.399 ; 3.399 ; 3.399 ;
; b[0]       ; rsub[1]     ; 3.417 ; 3.417 ; 3.417 ; 3.417 ;
; b[0]       ; rsub[2]     ; 3.690 ; 3.690 ; 3.690 ; 3.690 ;
; b[0]       ; rsub[3]     ; 3.990 ; 3.990 ; 3.990 ; 3.990 ;
; b[1]       ; cout        ; 6.253 ; 6.002 ; 6.002 ; 6.253 ;
; b[1]       ; coutmai     ;       ; 5.729 ; 5.729 ;       ;
; b[1]       ; coutmen     ; 5.904 ;       ;       ; 5.904 ;
; b[1]       ; dsp[0]      ; 6.608 ; 6.610 ; 6.610 ; 6.608 ;
; b[1]       ; dsp[1]      ; 6.136 ; 6.136 ; 6.136 ; 6.136 ;
; b[1]       ; dsp[2]      ; 6.332 ; 6.490 ; 6.490 ; 6.332 ;
; b[1]       ; dsp[3]      ; 6.523 ; 6.525 ; 6.525 ; 6.523 ;
; b[1]       ; dsp[4]      ; 6.418 ; 6.423 ; 6.423 ; 6.418 ;
; b[1]       ; dsp[5]      ; 6.479 ; 6.479 ; 6.479 ; 6.479 ;
; b[1]       ; dsp[6]      ; 6.440 ; 6.440 ; 6.440 ; 6.440 ;
; b[1]       ; rsoma[1]    ; 5.432 ; 5.432 ; 5.432 ; 5.432 ;
; b[1]       ; rsoma[2]    ; 5.721 ; 5.721 ; 5.721 ; 5.721 ;
; b[1]       ; rsoma[3]    ; 5.953 ; 5.953 ; 5.953 ; 5.953 ;
; b[1]       ; rsub[1]     ; 5.350 ; 5.350 ; 5.350 ; 5.350 ;
; b[1]       ; rsub[2]     ; 5.623 ; 5.623 ; 5.623 ; 5.623 ;
; b[1]       ; rsub[3]     ; 5.923 ; 5.923 ; 5.923 ; 5.923 ;
; b[2]       ; cout        ; 5.916 ; 6.109 ; 6.109 ; 5.916 ;
; b[2]       ; coutmai     ;       ; 5.718 ; 5.718 ;       ;
; b[2]       ; coutmen     ; 5.527 ;       ;       ; 5.527 ;
; b[2]       ; dsp[0]      ; 6.231 ; 6.349 ; 6.349 ; 6.231 ;
; b[2]       ; dsp[1]      ; 5.827 ; 5.827 ; 5.827 ; 5.827 ;
; b[2]       ; dsp[2]      ; 5.955 ; 6.220 ; 6.220 ; 5.955 ;
; b[2]       ; dsp[3]      ; 6.146 ; 6.255 ; 6.255 ; 6.146 ;
; b[2]       ; dsp[4]      ; 6.041 ; 6.149 ; 6.149 ; 6.041 ;
; b[2]       ; dsp[5]      ; 6.229 ; 6.229 ; 6.229 ; 6.229 ;
; b[2]       ; dsp[6]      ; 6.131 ; 6.131 ; 6.131 ; 6.131 ;
; b[2]       ; rsoma[2]    ; 5.348 ; 5.348 ; 5.348 ; 5.348 ;
; b[2]       ; rsoma[3]    ; 5.579 ; 5.579 ; 5.579 ; 5.579 ;
; b[2]       ; rsub[2]     ; 5.259 ; 5.259 ; 5.259 ; 5.259 ;
; b[2]       ; rsub[3]     ; 5.546 ; 5.546 ; 5.546 ; 5.546 ;
; b[3]       ; cout        ; 5.959 ; 6.097 ; 6.097 ; 5.959 ;
; b[3]       ; coutmai     ;       ; 5.864 ; 5.864 ;       ;
; b[3]       ; coutmen     ; 5.423 ;       ;       ; 5.423 ;
; b[3]       ; dsp[0]      ; 6.211 ; 6.645 ; 6.645 ; 6.211 ;
; b[3]       ; dsp[1]      ; 6.136 ; 6.136 ; 6.136 ; 6.136 ;
; b[3]       ; dsp[2]      ; 5.935 ; 6.526 ; 6.526 ; 5.935 ;
; b[3]       ; dsp[3]      ; 6.126 ; 6.555 ; 6.555 ; 6.126 ;
; b[3]       ; dsp[4]      ; 6.021 ; 6.451 ; 6.451 ; 6.021 ;
; b[3]       ; dsp[5]      ; 6.526 ; 6.526 ; 6.526 ; 6.526 ;
; b[3]       ; dsp[6]      ; 6.577 ; 6.138 ; 6.138 ; 6.577 ;
; b[3]       ; rsoma[3]    ; 5.623 ; 5.623 ; 5.623 ; 5.623 ;
; b[3]       ; rsub[3]     ; 5.441 ; 5.441 ; 5.441 ; 5.441 ;
; key[0]     ; cout        ; 5.785 ; 5.550 ; 5.550 ; 5.785 ;
; key[0]     ; dsp[0]      ; 6.334 ; 5.904 ; 5.904 ; 6.334 ;
; key[0]     ; dsp[1]      ; 6.039 ; 6.039 ; 6.039 ; 6.039 ;
; key[0]     ; dsp[2]      ; 6.058 ; 5.693 ; 5.693 ; 6.058 ;
; key[0]     ; dsp[3]      ; 6.249 ; 5.815 ; 5.815 ; 6.249 ;
; key[0]     ; dsp[4]      ; 6.144 ; 5.712 ; 5.712 ; 6.144 ;
; key[0]     ; dsp[5]      ; 6.314 ; 5.710 ; 5.710 ; 6.314 ;
; key[0]     ; dsp[6]      ; 6.426 ; 6.043 ; 6.043 ; 6.426 ;
; key[1]     ; cout        ; 5.870 ; 5.654 ; 5.654 ; 5.870 ;
; key[1]     ; dsp[0]      ; 6.010 ; 6.010 ; 6.010 ; 6.010 ;
; key[1]     ; dsp[1]      ; 6.117 ; 6.117 ; 6.117 ; 6.117 ;
; key[1]     ; dsp[2]      ; 5.799 ; 5.799 ; 5.799 ; 5.799 ;
; key[1]     ; dsp[3]      ; 5.921 ; 5.921 ; 5.921 ; 5.921 ;
; key[1]     ; dsp[4]      ; 5.818 ; 5.818 ; 5.818 ; 5.818 ;
; key[1]     ; dsp[5]      ; 5.816 ; 5.816 ; 5.816 ; 5.816 ;
; key[1]     ; dsp[6]      ; 6.149 ; 6.149 ; 6.149 ; 6.149 ;
; key[2]     ; cout        ; 5.816 ; 5.602 ; 5.602 ; 5.816 ;
; key[2]     ; dsp[0]      ; 5.965 ; 5.965 ; 5.965 ; 5.965 ;
; key[2]     ; dsp[1]      ; 6.061 ; 6.061 ; 6.061 ; 6.061 ;
; key[2]     ; dsp[2]      ; 5.754 ; 5.754 ; 5.754 ; 5.754 ;
; key[2]     ; dsp[3]      ; 5.876 ; 5.876 ; 5.876 ; 5.876 ;
; key[2]     ; dsp[4]      ; 5.773 ; 5.773 ; 5.773 ; 5.773 ;
; key[2]     ; dsp[5]      ; 5.771 ; 5.771 ; 5.771 ; 5.771 ;
; key[2]     ; dsp[6]      ; 6.104 ; 6.104 ; 6.104 ; 6.104 ;
; ld         ; cout        ; 5.611 ;       ;       ; 5.611 ;
; ld         ; dsp[0]      ; 6.466 ; 5.971 ; 5.971 ; 6.466 ;
; ld         ; dsp[1]      ; 6.071 ; 6.071 ; 6.071 ; 6.071 ;
; ld         ; dsp[2]      ; 6.381 ; 5.760 ; 5.760 ; 6.381 ;
; ld         ; dsp[3]      ; 6.376 ; 5.882 ; 5.882 ; 6.376 ;
; ld         ; dsp[4]      ; 6.273 ; 5.779 ; 5.779 ; 6.273 ;
; ld         ; dsp[5]      ; 6.349 ; 5.777 ; 5.777 ; 6.349 ;
; ld         ; dsp[6]      ; 6.461 ; 6.110 ; 6.110 ; 6.461 ;
+------------+-------------+-------+-------+-------+-------+


+----------------------------------------------------------------------------+
; Multicorner Timing Analysis Summary                                        ;
+------------------+-------+------+----------+---------+---------------------+
; Clock            ; Setup ; Hold ; Recovery ; Removal ; Minimum Pulse Width ;
+------------------+-------+------+----------+---------+---------------------+
; Worst-case Slack ; N/A   ; N/A  ; N/A      ; N/A     ; N/A                 ;
; Design-wide TNS  ; 0.0   ; 0.0  ; 0.0      ; 0.0     ; 0.0                 ;
+------------------+-------+------+----------+---------+---------------------+


+--------------------------------------------------------------+
; Progagation Delay                                            ;
+------------+-------------+--------+--------+--------+--------+
; Input Port ; Output Port ; RR     ; RF     ; FR     ; FF     ;
+------------+-------------+--------+--------+--------+--------+
; a[0]       ; cout        ; 9.320  ; 9.320  ; 9.320  ; 9.320  ;
; a[0]       ; coutmai     ; 7.350  ;        ;        ; 7.350  ;
; a[0]       ; coutmen     ;        ; 7.789  ; 7.789  ;        ;
; a[0]       ; dsp[0]      ; 10.960 ; 10.960 ; 10.960 ; 10.960 ;
; a[0]       ; dsp[1]      ; 10.700 ; 10.457 ; 10.457 ; 10.700 ;
; a[0]       ; dsp[2]      ; 10.679 ; 10.679 ; 10.679 ; 10.679 ;
; a[0]       ; dsp[3]      ; 10.739 ; 10.739 ; 10.739 ; 10.739 ;
; a[0]       ; dsp[4]      ; 10.514 ; 10.514 ; 10.514 ; 10.514 ;
; a[0]       ; dsp[5]      ; 10.712 ; 10.712 ; 10.712 ; 10.712 ;
; a[0]       ; dsp[6]      ; 10.888 ; 10.888 ; 10.888 ; 10.888 ;
; a[0]       ; rinv[0]     ;        ; 5.270  ; 5.270  ;        ;
; a[0]       ; rsoma[0]    ; 6.665  ; 6.665  ; 6.665  ; 6.665  ;
; a[0]       ; rsoma[1]    ; 6.655  ; 6.655  ; 6.655  ; 6.655  ;
; a[0]       ; rsoma[2]    ; 7.337  ; 7.337  ; 7.337  ; 7.337  ;
; a[0]       ; rsoma[3]    ; 8.000  ; 8.000  ; 8.000  ; 8.000  ;
; a[0]       ; rsub[0]     ; 6.665  ; 6.665  ; 6.665  ; 6.665  ;
; a[0]       ; rsub[1]     ; 6.445  ; 6.445  ; 6.445  ; 6.445  ;
; a[0]       ; rsub[2]     ; 7.110  ; 7.110  ; 7.110  ; 7.110  ;
; a[0]       ; rsub[3]     ; 7.803  ; 7.803  ; 7.803  ; 7.803  ;
; a[1]       ; cout        ; 13.221 ; 13.221 ; 13.221 ; 13.221 ;
; a[1]       ; coutmai     ; 11.225 ;        ;        ; 11.225 ;
; a[1]       ; coutmen     ;        ; 11.690 ; 11.690 ;        ;
; a[1]       ; dsp[0]      ; 14.861 ; 14.861 ; 14.861 ; 14.861 ;
; a[1]       ; dsp[1]      ; 14.601 ; 14.358 ; 14.358 ; 14.601 ;
; a[1]       ; dsp[2]      ; 14.580 ; 14.580 ; 14.580 ; 14.580 ;
; a[1]       ; dsp[3]      ; 14.640 ; 14.640 ; 14.640 ; 14.640 ;
; a[1]       ; dsp[4]      ; 14.415 ; 14.415 ; 14.415 ; 14.415 ;
; a[1]       ; dsp[5]      ; 14.613 ; 14.613 ; 14.613 ; 14.613 ;
; a[1]       ; dsp[6]      ; 14.789 ; 14.789 ; 14.789 ; 14.789 ;
; a[1]       ; rinv[1]     ;        ; 9.075  ; 9.075  ;        ;
; a[1]       ; rsoma[1]    ; 10.557 ; 10.557 ; 10.557 ; 10.557 ;
; a[1]       ; rsoma[2]    ; 11.238 ; 11.238 ; 11.238 ; 11.238 ;
; a[1]       ; rsoma[3]    ; 11.901 ; 11.901 ; 11.901 ; 11.901 ;
; a[1]       ; rsub[1]     ; 10.345 ; 10.345 ; 10.345 ; 10.345 ;
; a[1]       ; rsub[2]     ; 11.011 ; 11.011 ; 11.011 ; 11.011 ;
; a[1]       ; rsub[3]     ; 11.704 ; 11.704 ; 11.704 ; 11.704 ;
; a[2]       ; cout        ; 12.450 ; 12.626 ; 12.626 ; 12.450 ;
; a[2]       ; coutmai     ; 11.391 ;        ;        ; 11.391 ;
; a[2]       ; coutmen     ;        ; 10.919 ; 10.919 ;        ;
; a[2]       ; dsp[0]      ; 13.971 ; 13.971 ; 13.971 ; 13.971 ;
; a[2]       ; dsp[1]      ; 13.830 ; 13.584 ; 13.584 ; 13.830 ;
; a[2]       ; dsp[2]      ; 13.690 ; 13.690 ; 13.690 ; 13.690 ;
; a[2]       ; dsp[3]      ; 13.750 ; 13.750 ; 13.750 ; 13.750 ;
; a[2]       ; dsp[4]      ; 13.525 ; 13.525 ; 13.525 ; 13.525 ;
; a[2]       ; dsp[5]      ; 13.723 ; 13.723 ; 13.723 ; 13.723 ;
; a[2]       ; dsp[6]      ; 13.899 ; 13.899 ; 13.899 ; 13.899 ;
; a[2]       ; rinv[2]     ;        ; 8.006  ; 8.006  ;        ;
; a[2]       ; rsoma[2]    ; 10.464 ; 10.464 ; 10.464 ; 10.464 ;
; a[2]       ; rsoma[3]    ; 11.011 ; 11.011 ; 11.011 ; 11.011 ;
; a[2]       ; rsub[2]     ; 10.236 ; 10.236 ; 10.236 ; 10.236 ;
; a[2]       ; rsub[3]     ; 10.933 ; 10.933 ; 10.933 ; 10.933 ;
; a[3]       ; cout        ; 11.552 ; 12.161 ; 12.161 ; 11.552 ;
; a[3]       ; coutmai     ; 10.926 ;        ;        ; 10.926 ;
; a[3]       ; coutmen     ;        ; 9.776  ; 9.776  ;        ;
; a[3]       ; dsp[0]      ; 12.977 ; 12.977 ; 12.977 ; 12.977 ;
; a[3]       ; dsp[1]      ; 12.690 ; 12.200 ; 12.200 ; 12.690 ;
; a[3]       ; dsp[2]      ; 12.696 ; 12.696 ; 12.696 ; 12.696 ;
; a[3]       ; dsp[3]      ; 12.756 ; 12.756 ; 12.756 ; 12.756 ;
; a[3]       ; dsp[4]      ; 12.531 ; 12.531 ; 12.531 ; 12.531 ;
; a[3]       ; dsp[5]      ; 12.729 ; 12.729 ; 12.729 ; 12.729 ;
; a[3]       ; dsp[6]      ; 12.905 ; 12.905 ; 12.905 ; 12.905 ;
; a[3]       ; rinv[3]     ;        ; 8.887  ; 8.887  ;        ;
; a[3]       ; rsoma[3]    ; 10.017 ; 10.017 ; 10.017 ; 10.017 ;
; a[3]       ; rsub[3]     ; 9.785  ; 9.785  ; 9.785  ; 9.785  ;
; b[0]       ; cout        ; 9.441  ; 9.441  ; 9.441  ; 9.441  ;
; b[0]       ; coutmai     ;        ; 7.473  ; 7.473  ;        ;
; b[0]       ; coutmen     ; 7.910  ;        ;        ; 7.910  ;
; b[0]       ; dsp[0]      ; 11.080 ; 11.080 ; 11.080 ; 11.080 ;
; b[0]       ; dsp[1]      ; 10.577 ; 10.821 ; 10.821 ; 10.577 ;
; b[0]       ; dsp[2]      ; 10.799 ; 10.799 ; 10.799 ; 10.799 ;
; b[0]       ; dsp[3]      ; 10.859 ; 10.859 ; 10.859 ; 10.859 ;
; b[0]       ; dsp[4]      ; 10.634 ; 10.634 ; 10.634 ; 10.634 ;
; b[0]       ; dsp[5]      ; 10.832 ; 10.832 ; 10.832 ; 10.832 ;
; b[0]       ; dsp[6]      ; 11.008 ; 11.008 ; 11.008 ; 11.008 ;
; b[0]       ; rsoma[0]    ; 6.520  ; 6.520  ; 6.520  ; 6.520  ;
; b[0]       ; rsoma[1]    ; 6.779  ; 6.779  ; 6.779  ; 6.779  ;
; b[0]       ; rsoma[2]    ; 7.457  ; 7.457  ; 7.457  ; 7.457  ;
; b[0]       ; rsoma[3]    ; 8.120  ; 8.120  ; 8.120  ; 8.120  ;
; b[0]       ; rsub[0]     ; 6.520  ; 6.520  ; 6.520  ; 6.520  ;
; b[0]       ; rsub[1]     ; 6.568  ; 6.568  ; 6.568  ; 6.568  ;
; b[0]       ; rsub[2]     ; 7.231  ; 7.231  ; 7.231  ; 7.231  ;
; b[0]       ; rsub[3]     ; 7.924  ; 7.924  ; 7.924  ; 7.924  ;
; b[1]       ; cout        ; 12.408 ; 12.408 ; 12.408 ; 12.408 ;
; b[1]       ; coutmai     ;        ; 10.445 ; 10.445 ;        ;
; b[1]       ; coutmen     ; 10.877 ;        ;        ; 10.877 ;
; b[1]       ; dsp[0]      ; 14.048 ; 14.048 ; 14.048 ; 14.048 ;
; b[1]       ; dsp[1]      ; 13.545 ; 13.788 ; 13.788 ; 13.545 ;
; b[1]       ; dsp[2]      ; 13.767 ; 13.767 ; 13.767 ; 13.767 ;
; b[1]       ; dsp[3]      ; 13.827 ; 13.827 ; 13.827 ; 13.827 ;
; b[1]       ; dsp[4]      ; 13.602 ; 13.602 ; 13.602 ; 13.602 ;
; b[1]       ; dsp[5]      ; 13.800 ; 13.800 ; 13.800 ; 13.800 ;
; b[1]       ; dsp[6]      ; 13.976 ; 13.976 ; 13.976 ; 13.976 ;
; b[1]       ; rsoma[1]    ; 9.746  ; 9.746  ; 9.746  ; 9.746  ;
; b[1]       ; rsoma[2]    ; 10.425 ; 10.425 ; 10.425 ; 10.425 ;
; b[1]       ; rsoma[3]    ; 11.088 ; 11.088 ; 11.088 ; 11.088 ;
; b[1]       ; rsub[1]     ; 9.533  ; 9.533  ; 9.533  ; 9.533  ;
; b[1]       ; rsub[2]     ; 10.198 ; 10.198 ; 10.198 ; 10.198 ;
; b[1]       ; rsub[3]     ; 10.891 ; 10.891 ; 10.891 ; 10.891 ;
; b[2]       ; cout        ; 11.987 ; 11.526 ; 11.526 ; 11.987 ;
; b[2]       ; coutmai     ;        ; 10.752 ; 10.752 ;        ;
; b[2]       ; coutmen     ; 9.995  ;        ;        ; 9.995  ;
; b[2]       ; dsp[0]      ; 13.188 ; 13.188 ; 13.188 ; 13.188 ;
; b[2]       ; dsp[1]      ; 12.661 ; 12.906 ; 12.906 ; 12.661 ;
; b[2]       ; dsp[2]      ; 12.907 ; 12.907 ; 12.907 ; 12.907 ;
; b[2]       ; dsp[3]      ; 12.967 ; 12.967 ; 12.967 ; 12.967 ;
; b[2]       ; dsp[4]      ; 12.742 ; 12.742 ; 12.742 ; 12.742 ;
; b[2]       ; dsp[5]      ; 12.940 ; 12.940 ; 12.940 ; 12.940 ;
; b[2]       ; dsp[6]      ; 13.116 ; 13.116 ; 13.116 ; 13.116 ;
; b[2]       ; rsoma[2]    ; 9.541  ; 9.541  ; 9.541  ; 9.541  ;
; b[2]       ; rsoma[3]    ; 10.228 ; 10.228 ; 10.228 ; 10.228 ;
; b[2]       ; rsub[2]     ; 9.324  ; 9.324  ; 9.324  ; 9.324  ;
; b[2]       ; rsub[3]     ; 10.009 ; 10.009 ; 10.009 ; 10.009 ;
; b[3]       ; cout        ; 12.285 ; 11.676 ; 11.676 ; 12.285 ;
; b[3]       ; coutmai     ;        ; 11.050 ; 11.050 ;        ;
; b[3]       ; coutmen     ; 9.713  ;        ;        ; 9.713  ;
; b[3]       ; dsp[0]      ; 13.088 ; 13.088 ; 13.088 ; 13.088 ;
; b[3]       ; dsp[1]      ; 12.311 ; 12.800 ; 12.800 ; 12.311 ;
; b[3]       ; dsp[2]      ; 12.807 ; 12.807 ; 12.807 ; 12.807 ;
; b[3]       ; dsp[3]      ; 12.867 ; 12.867 ; 12.867 ; 12.867 ;
; b[3]       ; dsp[4]      ; 12.642 ; 12.642 ; 12.642 ; 12.642 ;
; b[3]       ; dsp[5]      ; 12.840 ; 12.840 ; 12.840 ; 12.840 ;
; b[3]       ; dsp[6]      ; 13.016 ; 13.016 ; 13.016 ; 13.016 ;
; b[3]       ; rsoma[3]    ; 10.128 ; 10.128 ; 10.128 ; 10.128 ;
; b[3]       ; rsub[3]     ; 9.727  ; 9.727  ; 9.727  ; 9.727  ;
; key[0]     ; cout        ; 10.830 ; 10.830 ; 10.830 ; 10.830 ;
; key[0]     ; dsp[0]      ; 13.185 ; 13.185 ; 13.185 ; 13.185 ;
; key[0]     ; dsp[1]      ; 13.018 ; 13.056 ; 13.056 ; 13.018 ;
; key[0]     ; dsp[2]      ; 12.904 ; 12.904 ; 12.904 ; 12.904 ;
; key[0]     ; dsp[3]      ; 12.964 ; 12.964 ; 12.964 ; 12.964 ;
; key[0]     ; dsp[4]      ; 12.625 ; 12.739 ; 12.739 ; 12.625 ;
; key[0]     ; dsp[5]      ; 13.202 ; 13.305 ; 13.305 ; 13.202 ;
; key[0]     ; dsp[6]      ; 13.230 ; 13.333 ; 13.333 ; 13.230 ;
; key[1]     ; cout        ; 10.904 ; 11.013 ; 11.013 ; 10.904 ;
; key[1]     ; dsp[0]      ; 13.377 ; 13.377 ; 13.377 ; 13.377 ;
; key[1]     ; dsp[1]      ; 13.210 ; 13.110 ; 13.110 ; 13.210 ;
; key[1]     ; dsp[2]      ; 13.096 ; 13.096 ; 13.096 ; 13.096 ;
; key[1]     ; dsp[3]      ; 13.156 ; 13.156 ; 13.156 ; 13.156 ;
; key[1]     ; dsp[4]      ; 12.805 ; 12.931 ; 12.931 ; 12.805 ;
; key[1]     ; dsp[5]      ; 13.485 ; 13.129 ; 13.129 ; 13.485 ;
; key[1]     ; dsp[6]      ; 13.513 ; 13.305 ; 13.305 ; 13.513 ;
; key[2]     ; cout        ; 10.941 ; 10.941 ; 10.941 ; 10.941 ;
; key[2]     ; dsp[0]      ; 13.290 ; 13.290 ; 13.290 ; 13.290 ;
; key[2]     ; dsp[1]      ; 13.160 ; 13.011 ; 13.011 ; 13.160 ;
; key[2]     ; dsp[2]      ; 13.009 ; 13.009 ; 13.009 ; 13.009 ;
; key[2]     ; dsp[3]      ; 13.069 ; 13.069 ; 13.069 ; 13.069 ;
; key[2]     ; dsp[4]      ; 12.711 ; 12.844 ; 12.844 ; 12.711 ;
; key[2]     ; dsp[5]      ; 13.386 ; 13.042 ; 13.042 ; 13.386 ;
; key[2]     ; dsp[6]      ; 13.414 ; 13.218 ; 13.218 ; 13.414 ;
; ld         ; cout        ; 10.946 ;        ;        ; 10.946 ;
; ld         ; dsp[0]      ; 13.293 ; 13.293 ; 13.293 ; 13.293 ;
; ld         ; dsp[1]      ; 13.126 ; 12.748 ; 12.748 ; 13.126 ;
; ld         ; dsp[2]      ; 13.012 ; 13.012 ; 13.012 ; 13.012 ;
; ld         ; dsp[3]      ; 13.072 ; 13.072 ; 13.072 ; 13.072 ;
; ld         ; dsp[4]      ; 12.398 ; 12.847 ; 12.847 ; 12.398 ;
; ld         ; dsp[5]      ; 13.045 ; 13.412 ; 13.412 ; 13.045 ;
; ld         ; dsp[6]      ; 13.096 ; 13.440 ; 13.440 ; 13.096 ;
+------------+-------------+--------+--------+--------+--------+


+----------------------------------------------------------+
; Minimum Progagation Delay                                ;
+------------+-------------+-------+-------+-------+-------+
; Input Port ; Output Port ; RR    ; RF    ; FR    ; FF    ;
+------------+-------------+-------+-------+-------+-------+
; a[0]       ; cout        ; 4.002 ; 4.253 ; 4.253 ; 4.002 ;
; a[0]       ; coutmai     ; 3.729 ;       ;       ; 3.729 ;
; a[0]       ; coutmen     ;       ; 3.913 ; 3.913 ;       ;
; a[0]       ; dsp[0]      ; 3.997 ; 3.997 ; 3.997 ; 3.997 ;
; a[0]       ; dsp[1]      ; 3.658 ; 3.658 ; 3.658 ; 3.658 ;
; a[0]       ; dsp[2]      ; 3.872 ; 3.872 ; 3.872 ; 3.872 ;
; a[0]       ; dsp[3]      ; 3.907 ; 3.907 ; 3.907 ; 3.907 ;
; a[0]       ; dsp[4]      ; 3.804 ; 3.804 ; 3.804 ; 3.804 ;
; a[0]       ; dsp[5]      ; 3.880 ; 3.880 ; 3.880 ; 3.880 ;
; a[0]       ; dsp[6]      ; 3.923 ; 3.923 ; 3.923 ; 3.923 ;
; a[0]       ; rinv[0]     ;       ; 2.804 ; 2.804 ;       ;
; a[0]       ; rsoma[0]    ; 3.454 ; 3.454 ; 3.454 ; 3.454 ;
; a[0]       ; rsoma[1]    ; 3.441 ; 3.441 ; 3.441 ; 3.441 ;
; a[0]       ; rsoma[2]    ; 3.729 ; 3.729 ; 3.729 ; 3.729 ;
; a[0]       ; rsoma[3]    ; 3.961 ; 3.961 ; 3.961 ; 3.961 ;
; a[0]       ; rsub[0]     ; 3.454 ; 3.454 ; 3.454 ; 3.454 ;
; a[0]       ; rsub[1]     ; 3.359 ; 3.359 ; 3.359 ; 3.359 ;
; a[0]       ; rsub[2]     ; 3.632 ; 3.632 ; 3.632 ; 3.632 ;
; a[0]       ; rsub[3]     ; 3.932 ; 3.932 ; 3.932 ; 3.932 ;
; a[1]       ; cout        ; 6.371 ; 6.622 ; 6.622 ; 6.371 ;
; a[1]       ; coutmai     ; 6.098 ;       ;       ; 6.098 ;
; a[1]       ; coutmen     ;       ; 6.284 ; 6.284 ;       ;
; a[1]       ; dsp[0]      ; 6.316 ; 6.316 ; 6.316 ; 6.316 ;
; a[1]       ; dsp[1]      ; 6.215 ; 6.077 ; 6.077 ; 6.215 ;
; a[1]       ; dsp[2]      ; 6.864 ; 6.196 ; 6.196 ; 6.864 ;
; a[1]       ; dsp[3]      ; 6.231 ; 6.231 ; 6.231 ; 6.231 ;
; a[1]       ; dsp[4]      ; 6.129 ; 6.797 ; 6.797 ; 6.129 ;
; a[1]       ; dsp[5]      ; 6.493 ; 6.185 ; 6.185 ; 6.493 ;
; a[1]       ; dsp[6]      ; 6.318 ; 6.318 ; 6.318 ; 6.318 ;
; a[1]       ; rinv[1]     ;       ; 5.185 ; 5.185 ;       ;
; a[1]       ; rsoma[1]    ; 5.806 ; 5.806 ; 5.806 ; 5.806 ;
; a[1]       ; rsoma[2]    ; 6.094 ; 6.094 ; 6.094 ; 6.094 ;
; a[1]       ; rsoma[3]    ; 6.326 ; 6.326 ; 6.326 ; 6.326 ;
; a[1]       ; rsub[1]     ; 5.724 ; 5.724 ; 5.724 ; 5.724 ;
; a[1]       ; rsub[2]     ; 6.003 ; 6.003 ; 6.003 ; 6.003 ;
; a[1]       ; rsub[3]     ; 6.303 ; 6.303 ; 6.303 ; 6.303 ;
; a[2]       ; cout        ; 6.450 ; 6.626 ; 6.626 ; 6.450 ;
; a[2]       ; coutmai     ; 6.102 ;       ;       ; 6.102 ;
; a[2]       ; coutmen     ;       ; 6.038 ; 6.038 ;       ;
; a[2]       ; dsp[0]      ; 6.846 ; 6.742 ; 6.742 ; 6.846 ;
; a[2]       ; dsp[1]      ; 6.330 ; 6.330 ; 6.330 ; 6.330 ;
; a[2]       ; dsp[2]      ; 6.717 ; 6.466 ; 6.466 ; 6.717 ;
; a[2]       ; dsp[3]      ; 6.752 ; 6.657 ; 6.657 ; 6.752 ;
; a[2]       ; dsp[4]      ; 6.646 ; 6.552 ; 6.552 ; 6.646 ;
; a[2]       ; dsp[5]      ; 6.726 ; 6.726 ; 6.726 ; 6.726 ;
; a[2]       ; dsp[6]      ; 6.634 ; 6.634 ; 6.634 ; 6.634 ;
; a[2]       ; rinv[2]     ;       ; 4.636 ; 4.636 ;       ;
; a[2]       ; rsoma[2]    ; 5.856 ; 5.856 ; 5.856 ; 5.856 ;
; a[2]       ; rsoma[3]    ; 6.113 ; 6.113 ; 6.113 ; 6.113 ;
; a[2]       ; rsub[2]     ; 5.756 ; 5.756 ; 5.756 ; 5.756 ;
; a[2]       ; rsub[3]     ; 6.057 ; 6.057 ; 6.057 ; 6.057 ;
; a[3]       ; cout        ; 5.906 ; 6.125 ; 6.125 ; 5.906 ;
; a[3]       ; coutmai     ; 5.807 ;       ;       ; 5.807 ;
; a[3]       ; coutmen     ;       ; 5.451 ; 5.451 ;       ;
; a[3]       ; dsp[0]      ; 6.669 ; 6.154 ; 6.154 ; 6.669 ;
; a[3]       ; dsp[1]      ; 6.160 ; 6.160 ; 6.160 ; 6.160 ;
; a[3]       ; dsp[2]      ; 6.550 ; 5.878 ; 5.878 ; 6.550 ;
; a[3]       ; dsp[3]      ; 6.579 ; 6.069 ; 6.069 ; 6.579 ;
; a[3]       ; dsp[4]      ; 6.475 ; 5.964 ; 5.964 ; 6.475 ;
; a[3]       ; dsp[5]      ; 6.549 ; 6.550 ; 6.550 ; 6.549 ;
; a[3]       ; dsp[6]      ; 6.081 ; 6.601 ; 6.601 ; 6.081 ;
; a[3]       ; rinv[3]     ;       ; 5.057 ; 5.057 ;       ;
; a[3]       ; rsoma[3]    ; 5.571 ; 5.571 ; 5.571 ; 5.571 ;
; a[3]       ; rsub[3]     ; 5.465 ; 5.465 ; 5.465 ; 5.465 ;
; b[0]       ; cout        ; 4.315 ; 4.064 ; 4.064 ; 4.315 ;
; b[0]       ; coutmai     ;       ; 3.791 ; 3.791 ;       ;
; b[0]       ; coutmen     ; 3.971 ;       ;       ; 3.971 ;
; b[0]       ; dsp[0]      ; 4.051 ; 4.051 ; 4.051 ; 4.051 ;
; b[0]       ; dsp[1]      ; 3.712 ; 3.712 ; 3.712 ; 3.712 ;
; b[0]       ; dsp[2]      ; 3.926 ; 3.926 ; 3.926 ; 3.926 ;
; b[0]       ; dsp[3]      ; 3.961 ; 3.961 ; 3.961 ; 3.961 ;
; b[0]       ; dsp[4]      ; 3.858 ; 3.858 ; 3.858 ; 3.858 ;
; b[0]       ; dsp[5]      ; 3.934 ; 3.934 ; 3.934 ; 3.934 ;
; b[0]       ; dsp[6]      ; 3.977 ; 3.977 ; 3.977 ; 3.977 ;
; b[0]       ; rsoma[0]    ; 3.399 ; 3.399 ; 3.399 ; 3.399 ;
; b[0]       ; rsoma[1]    ; 3.495 ; 3.495 ; 3.495 ; 3.495 ;
; b[0]       ; rsoma[2]    ; 3.787 ; 3.787 ; 3.787 ; 3.787 ;
; b[0]       ; rsoma[3]    ; 4.019 ; 4.019 ; 4.019 ; 4.019 ;
; b[0]       ; rsub[0]     ; 3.399 ; 3.399 ; 3.399 ; 3.399 ;
; b[0]       ; rsub[1]     ; 3.417 ; 3.417 ; 3.417 ; 3.417 ;
; b[0]       ; rsub[2]     ; 3.690 ; 3.690 ; 3.690 ; 3.690 ;
; b[0]       ; rsub[3]     ; 3.990 ; 3.990 ; 3.990 ; 3.990 ;
; b[1]       ; cout        ; 6.253 ; 6.002 ; 6.002 ; 6.253 ;
; b[1]       ; coutmai     ;       ; 5.729 ; 5.729 ;       ;
; b[1]       ; coutmen     ; 5.904 ;       ;       ; 5.904 ;
; b[1]       ; dsp[0]      ; 6.608 ; 6.610 ; 6.610 ; 6.608 ;
; b[1]       ; dsp[1]      ; 6.136 ; 6.136 ; 6.136 ; 6.136 ;
; b[1]       ; dsp[2]      ; 6.332 ; 6.490 ; 6.490 ; 6.332 ;
; b[1]       ; dsp[3]      ; 6.523 ; 6.525 ; 6.525 ; 6.523 ;
; b[1]       ; dsp[4]      ; 6.418 ; 6.423 ; 6.423 ; 6.418 ;
; b[1]       ; dsp[5]      ; 6.479 ; 6.479 ; 6.479 ; 6.479 ;
; b[1]       ; dsp[6]      ; 6.440 ; 6.440 ; 6.440 ; 6.440 ;
; b[1]       ; rsoma[1]    ; 5.432 ; 5.432 ; 5.432 ; 5.432 ;
; b[1]       ; rsoma[2]    ; 5.721 ; 5.721 ; 5.721 ; 5.721 ;
; b[1]       ; rsoma[3]    ; 5.953 ; 5.953 ; 5.953 ; 5.953 ;
; b[1]       ; rsub[1]     ; 5.350 ; 5.350 ; 5.350 ; 5.350 ;
; b[1]       ; rsub[2]     ; 5.623 ; 5.623 ; 5.623 ; 5.623 ;
; b[1]       ; rsub[3]     ; 5.923 ; 5.923 ; 5.923 ; 5.923 ;
; b[2]       ; cout        ; 5.916 ; 6.109 ; 6.109 ; 5.916 ;
; b[2]       ; coutmai     ;       ; 5.718 ; 5.718 ;       ;
; b[2]       ; coutmen     ; 5.527 ;       ;       ; 5.527 ;
; b[2]       ; dsp[0]      ; 6.231 ; 6.349 ; 6.349 ; 6.231 ;
; b[2]       ; dsp[1]      ; 5.827 ; 5.827 ; 5.827 ; 5.827 ;
; b[2]       ; dsp[2]      ; 5.955 ; 6.220 ; 6.220 ; 5.955 ;
; b[2]       ; dsp[3]      ; 6.146 ; 6.255 ; 6.255 ; 6.146 ;
; b[2]       ; dsp[4]      ; 6.041 ; 6.149 ; 6.149 ; 6.041 ;
; b[2]       ; dsp[5]      ; 6.229 ; 6.229 ; 6.229 ; 6.229 ;
; b[2]       ; dsp[6]      ; 6.131 ; 6.131 ; 6.131 ; 6.131 ;
; b[2]       ; rsoma[2]    ; 5.348 ; 5.348 ; 5.348 ; 5.348 ;
; b[2]       ; rsoma[3]    ; 5.579 ; 5.579 ; 5.579 ; 5.579 ;
; b[2]       ; rsub[2]     ; 5.259 ; 5.259 ; 5.259 ; 5.259 ;
; b[2]       ; rsub[3]     ; 5.546 ; 5.546 ; 5.546 ; 5.546 ;
; b[3]       ; cout        ; 5.959 ; 6.097 ; 6.097 ; 5.959 ;
; b[3]       ; coutmai     ;       ; 5.864 ; 5.864 ;       ;
; b[3]       ; coutmen     ; 5.423 ;       ;       ; 5.423 ;
; b[3]       ; dsp[0]      ; 6.211 ; 6.645 ; 6.645 ; 6.211 ;
; b[3]       ; dsp[1]      ; 6.136 ; 6.136 ; 6.136 ; 6.136 ;
; b[3]       ; dsp[2]      ; 5.935 ; 6.526 ; 6.526 ; 5.935 ;
; b[3]       ; dsp[3]      ; 6.126 ; 6.555 ; 6.555 ; 6.126 ;
; b[3]       ; dsp[4]      ; 6.021 ; 6.451 ; 6.451 ; 6.021 ;
; b[3]       ; dsp[5]      ; 6.526 ; 6.526 ; 6.526 ; 6.526 ;
; b[3]       ; dsp[6]      ; 6.577 ; 6.138 ; 6.138 ; 6.577 ;
; b[3]       ; rsoma[3]    ; 5.623 ; 5.623 ; 5.623 ; 5.623 ;
; b[3]       ; rsub[3]     ; 5.441 ; 5.441 ; 5.441 ; 5.441 ;
; key[0]     ; cout        ; 5.785 ; 5.550 ; 5.550 ; 5.785 ;
; key[0]     ; dsp[0]      ; 6.334 ; 5.904 ; 5.904 ; 6.334 ;
; key[0]     ; dsp[1]      ; 6.039 ; 6.039 ; 6.039 ; 6.039 ;
; key[0]     ; dsp[2]      ; 6.058 ; 5.693 ; 5.693 ; 6.058 ;
; key[0]     ; dsp[3]      ; 6.249 ; 5.815 ; 5.815 ; 6.249 ;
; key[0]     ; dsp[4]      ; 6.144 ; 5.712 ; 5.712 ; 6.144 ;
; key[0]     ; dsp[5]      ; 6.314 ; 5.710 ; 5.710 ; 6.314 ;
; key[0]     ; dsp[6]      ; 6.426 ; 6.043 ; 6.043 ; 6.426 ;
; key[1]     ; cout        ; 5.870 ; 5.654 ; 5.654 ; 5.870 ;
; key[1]     ; dsp[0]      ; 6.010 ; 6.010 ; 6.010 ; 6.010 ;
; key[1]     ; dsp[1]      ; 6.117 ; 6.117 ; 6.117 ; 6.117 ;
; key[1]     ; dsp[2]      ; 5.799 ; 5.799 ; 5.799 ; 5.799 ;
; key[1]     ; dsp[3]      ; 5.921 ; 5.921 ; 5.921 ; 5.921 ;
; key[1]     ; dsp[4]      ; 5.818 ; 5.818 ; 5.818 ; 5.818 ;
; key[1]     ; dsp[5]      ; 5.816 ; 5.816 ; 5.816 ; 5.816 ;
; key[1]     ; dsp[6]      ; 6.149 ; 6.149 ; 6.149 ; 6.149 ;
; key[2]     ; cout        ; 5.816 ; 5.602 ; 5.602 ; 5.816 ;
; key[2]     ; dsp[0]      ; 5.965 ; 5.965 ; 5.965 ; 5.965 ;
; key[2]     ; dsp[1]      ; 6.061 ; 6.061 ; 6.061 ; 6.061 ;
; key[2]     ; dsp[2]      ; 5.754 ; 5.754 ; 5.754 ; 5.754 ;
; key[2]     ; dsp[3]      ; 5.876 ; 5.876 ; 5.876 ; 5.876 ;
; key[2]     ; dsp[4]      ; 5.773 ; 5.773 ; 5.773 ; 5.773 ;
; key[2]     ; dsp[5]      ; 5.771 ; 5.771 ; 5.771 ; 5.771 ;
; key[2]     ; dsp[6]      ; 6.104 ; 6.104 ; 6.104 ; 6.104 ;
; ld         ; cout        ; 5.611 ;       ;       ; 5.611 ;
; ld         ; dsp[0]      ; 6.466 ; 5.971 ; 5.971 ; 6.466 ;
; ld         ; dsp[1]      ; 6.071 ; 6.071 ; 6.071 ; 6.071 ;
; ld         ; dsp[2]      ; 6.381 ; 5.760 ; 5.760 ; 6.381 ;
; ld         ; dsp[3]      ; 6.376 ; 5.882 ; 5.882 ; 6.376 ;
; ld         ; dsp[4]      ; 6.273 ; 5.779 ; 5.779 ; 6.273 ;
; ld         ; dsp[5]      ; 6.349 ; 5.777 ; 5.777 ; 6.349 ;
; ld         ; dsp[6]      ; 6.461 ; 6.110 ; 6.110 ; 6.461 ;
+------------+-------------+-------+-------+-------+-------+


-------------------
; Clock Transfers ;
-------------------
Nothing to report.


---------------
; Report TCCS ;
---------------
No dedicated SERDES Transmitter circuitry present in device or used in design


---------------
; Report RSKM ;
---------------
No dedicated SERDES Receiver circuitry present in device or used in design


+------------------------------------------------+
; Unconstrained Paths                            ;
+---------------------------------+-------+------+
; Property                        ; Setup ; Hold ;
+---------------------------------+-------+------+
; Illegal Clocks                  ; 0     ; 0    ;
; Unconstrained Clocks            ; 0     ; 0    ;
; Unconstrained Input Ports       ; 12    ; 12   ;
; Unconstrained Input Port Paths  ; 156   ; 156  ;
; Unconstrained Output Ports      ; 22    ; 22   ;
; Unconstrained Output Port Paths ; 156   ; 156  ;
+---------------------------------+-------+------+


+------------------------------------+
; TimeQuest Timing Analyzer Messages ;
+------------------------------------+
Info: *******************************************************************
Info: Running Quartus II 32-bit TimeQuest Timing Analyzer
    Info: Version 13.0.0 Build 156 04/24/2013 SJ Web Edition
    Info: Processing started: Sun Apr 07 10:48:16 2019
Info: Command: quartus_sta Projeto -c Projeto
Info: qsta_default_script.tcl version: #1
Warning (20028): Parallel compilation is not licensed and has been disabled
Info (21077): Low junction temperature is 0 degrees C
Info (21077): High junction temperature is 85 degrees C
Critical Warning (332012): Synopsys Design Constraints File file not found: 'Projeto.sdc'. A Synopsys Design Constraints File is required by the TimeQuest Timing Analyzer to get proper timing constraints. Without it, the Compiler will not properly optimize the design.
Info (332142): No user constrained base clocks found in the design. Calling "derive_clocks -period 1.0"
Info (332096): The command derive_clocks did not find any clocks to derive.  No clocks were created or changed.
Warning (332068): No clocks defined in design.
Info: Found TIMEQUEST_REPORT_SCRIPT_INCLUDE_DEFAULT_ANALYSIS = ON
Info (332159): No clocks to report
Info: Analyzing Slow Model
Info (332140): No fmax paths to report
Info (332140): No Setup paths to report
Info (332140): No Hold paths to report
Info (332140): No Recovery paths to report
Info (332140): No Removal paths to report
Info (332140): No Minimum Pulse Width paths to report
Info (332001): The selected device family is not supported by the report_metastability command.
Info: Analyzing Fast Model
Info (332142): No user constrained base clocks found in the design. Calling "derive_clocks -period 1.0"
Info (332096): The command derive_clocks did not find any clocks to derive.  No clocks were created or changed.
Warning (332068): No clocks defined in design.
Info (332140): No Setup paths to report
Info (332140): No Hold paths to report
Info (332140): No Recovery paths to report
Info (332140): No Removal paths to report
Info (332140): No Minimum Pulse Width paths to report
Info (332001): The selected device family is not supported by the report_metastability command.
Info (332102): Design is not fully constrained for setup requirements
Info (332102): Design is not fully constrained for hold requirements
Info: Quartus II 32-bit TimeQuest Timing Analyzer was successful. 0 errors, 4 warnings
    Info: Peak virtual memory: 0 megabytes
    Info: Processing ended: Sun Apr 07 10:48:18 2019
    Info: Elapsed time: 00:00:02
    Info: Total CPU time (on all processors): 00:00:01


