TimeQuest Timing Analyzer report for Projeto
Sat Apr 06 23:02:02 2019
Quartus II 32-bit Version 13.0.0 Build 156 04/24/2013 SJ Web Edition


---------------------
; Table of Contents ;
---------------------
  1. Legal Notice
  2. TimeQuest Timing Analyzer Summary
  3. Parallel Compilation
  4. Clocks
  5. Slow Model Fmax Summary
  6. Slow Model Setup Summary
  7. Slow Model Hold Summary
  8. Slow Model Recovery Summary
  9. Slow Model Removal Summary
 10. Slow Model Minimum Pulse Width Summary
 11. Propagation Delay
 12. Minimum Propagation Delay
 13. Fast Model Setup Summary
 14. Fast Model Hold Summary
 15. Fast Model Recovery Summary
 16. Fast Model Removal Summary
 17. Fast Model Minimum Pulse Width Summary
 18. Propagation Delay
 19. Minimum Propagation Delay
 20. Multicorner Timing Analysis Summary
 21. Progagation Delay
 22. Minimum Progagation Delay
 23. Clock Transfers
 24. Report TCCS
 25. Report RSKM
 26. Unconstrained Paths
 27. TimeQuest Timing Analyzer Messages



----------------
; Legal Notice ;
----------------
Copyright (C) 1991-2013 Altera Corporation
Your use of Altera Corporation's design tools, logic functions 
and other software and tools, and its AMPP partner logic 
functions, and any output files from any of the foregoing 
(including device programming or simulation files), and any 
associated documentation or information are expressly subject 
to the terms and conditions of the Altera Program License 
Subscription Agreement, Altera MegaCore Function License 
Agreement, or other applicable license agreement, including, 
without limitation, that your use is for the sole purpose of 
programming logic devices manufactured by Altera and sold by 
Altera or its authorized distributors.  Please refer to the 
applicable agreement for further details.



+-------------------------------------------------------------------------+
; TimeQuest Timing Analyzer Summary                                       ;
+--------------------+----------------------------------------------------+
; Quartus II Version ; Version 13.0.0 Build 156 04/24/2013 SJ Web Edition ;
; Revision Name      ; Projeto                                            ;
; Device Family      ; Cyclone II                                         ;
; Device Name        ; EP2C35F672C6                                       ;
; Timing Models      ; Final                                              ;
; Delay Model        ; Combined                                           ;
; Rise/Fall Delays   ; Unavailable                                        ;
+--------------------+----------------------------------------------------+


Parallel compilation was disabled, but you have multiple processors available. Enable parallel compilation to reduce compilation time.
+-------------------------------------+
; Parallel Compilation                ;
+----------------------------+--------+
; Processors                 ; Number ;
+----------------------------+--------+
; Number detected on machine ; 4      ;
; Maximum allowed            ; 1      ;
+----------------------------+--------+


----------
; Clocks ;
----------
No clocks to report.


---------------------------
; Slow Model Fmax Summary ;
---------------------------
No paths to report.


----------------------------
; Slow Model Setup Summary ;
----------------------------
No paths to report.


---------------------------
; Slow Model Hold Summary ;
---------------------------
No paths to report.


-------------------------------
; Slow Model Recovery Summary ;
-------------------------------
No paths to report.


------------------------------
; Slow Model Removal Summary ;
------------------------------
No paths to report.


------------------------------------------
; Slow Model Minimum Pulse Width Summary ;
------------------------------------------
No paths to report.


+--------------------------------------------------------------+
; Propagation Delay                                            ;
+------------+-------------+--------+--------+--------+--------+
; Input Port ; Output Port ; RR     ; RF     ; FR     ; FF     ;
+------------+-------------+--------+--------+--------+--------+
; a[0]       ; cout        ; 9.515  ; 9.486  ; 9.486  ; 9.515  ;
; a[0]       ; coutmai     ; 7.697  ;        ;        ; 7.697  ;
; a[0]       ; coutmen     ;        ; 7.882  ; 7.882  ;        ;
; a[0]       ; rdisp[0]    ; 6.435  ; 6.435  ; 6.435  ; 6.435  ;
; a[0]       ; rdisp[1]    ; 7.622  ; 7.622  ; 7.622  ; 7.622  ;
; a[0]       ; rdisp[2]    ; 8.535  ; 8.535  ; 8.535  ; 8.535  ;
; a[0]       ; rdisp[3]    ; 9.241  ; 9.241  ; 9.241  ; 9.241  ;
; a[0]       ; rinv[0]     ;        ; 5.421  ; 5.421  ;        ;
; a[0]       ; rsoma[0]    ; 6.427  ; 6.427  ; 6.427  ; 6.427  ;
; a[0]       ; rsoma[1]    ; 6.461  ; 6.461  ; 6.461  ; 6.461  ;
; a[0]       ; rsoma[2]    ; 7.282  ; 7.282  ; 7.282  ; 7.282  ;
; a[0]       ; rsoma[3]    ; 8.181  ; 8.181  ; 8.181  ; 8.181  ;
; a[0]       ; rsub[0]     ; 6.427  ; 6.427  ; 6.427  ; 6.427  ;
; a[0]       ; rsub[1]     ; 6.422  ; 6.422  ; 6.422  ; 6.422  ;
; a[0]       ; rsub[2]     ; 7.529  ; 7.529  ; 7.529  ; 7.529  ;
; a[0]       ; rsub[3]     ; 7.878  ; 7.878  ; 7.878  ; 7.878  ;
; a[1]       ; cout        ; 12.862 ; 12.843 ; 12.843 ; 12.862 ;
; a[1]       ; coutmai     ; 11.017 ;        ;        ; 11.017 ;
; a[1]       ; coutmen     ;        ; 11.239 ; 11.239 ;        ;
; a[1]       ; rdisp[1]    ; 10.978 ; 10.978 ; 10.978 ; 10.978 ;
; a[1]       ; rdisp[2]    ; 11.882 ; 11.882 ; 11.882 ; 11.882 ;
; a[1]       ; rdisp[3]    ; 12.588 ; 12.588 ; 12.588 ; 12.588 ;
; a[1]       ; rinv[1]     ;        ; 8.800  ; 8.800  ;        ;
; a[1]       ; rsoma[1]    ; 9.809  ; 9.809  ; 9.809  ; 9.809  ;
; a[1]       ; rsoma[2]    ; 10.629 ; 10.629 ; 10.629 ; 10.629 ;
; a[1]       ; rsoma[3]    ; 11.528 ; 11.528 ; 11.528 ; 11.528 ;
; a[1]       ; rsub[1]     ; 9.778  ; 9.778  ; 9.778  ; 9.778  ;
; a[1]       ; rsub[2]     ; 10.886 ; 10.886 ; 10.886 ; 10.886 ;
; a[1]       ; rsub[3]     ; 11.235 ; 11.235 ; 11.235 ; 11.235 ;
; a[2]       ; cout        ; 11.826 ; 11.634 ; 11.634 ; 11.826 ;
; a[2]       ; coutmai     ; 10.011 ;        ;        ; 10.011 ;
; a[2]       ; coutmen     ;        ; 10.030 ; 10.030 ;        ;
; a[2]       ; rdisp[2]    ; 10.845 ; 10.845 ; 10.845 ; 10.845 ;
; a[2]       ; rdisp[3]    ; 11.551 ; 11.551 ; 11.551 ; 11.551 ;
; a[2]       ; rinv[2]     ;        ; 8.053  ; 8.053  ;        ;
; a[2]       ; rsoma[2]    ; 9.592  ; 9.592  ; 9.592  ; 9.592  ;
; a[2]       ; rsoma[3]    ; 10.491 ; 10.491 ; 10.491 ; 10.491 ;
; a[2]       ; rsub[2]     ; 9.673  ; 9.673  ; 9.673  ; 9.673  ;
; a[2]       ; rsub[3]     ; 10.026 ; 10.026 ; 10.026 ; 10.026 ;
; a[3]       ; cout        ; 11.077 ; 11.056 ; 11.056 ; 11.077 ;
; a[3]       ; coutmai     ; 9.432  ;        ;        ; 9.432  ;
; a[3]       ; coutmen     ;        ; 9.452  ; 9.452  ;        ;
; a[3]       ; rdisp[3]    ; 10.841 ; 10.841 ; 10.841 ; 10.841 ;
; a[3]       ; rinv[3]     ;        ; 8.227  ; 8.227  ;        ;
; a[3]       ; rsoma[3]    ; 9.781  ; 9.781  ; 9.781  ; 9.781  ;
; a[3]       ; rsub[3]     ; 9.447  ; 9.447  ; 9.447  ; 9.447  ;
; b[0]       ; cout        ; 9.544  ; 9.523  ; 9.523  ; 9.544  ;
; b[0]       ; coutmai     ;        ; 7.723  ; 7.723  ;        ;
; b[0]       ; coutmen     ; 7.919  ;        ;        ; 7.919  ;
; b[0]       ; rdisp[0]    ; 6.476  ; 6.476  ; 6.476  ; 6.476  ;
; b[0]       ; rdisp[1]    ; 7.661  ; 7.661  ; 7.661  ; 7.661  ;
; b[0]       ; rdisp[2]    ; 8.564  ; 8.564  ; 8.564  ; 8.564  ;
; b[0]       ; rdisp[3]    ; 9.270  ; 9.270  ; 9.270  ; 9.270  ;
; b[0]       ; rsoma[0]    ; 6.195  ; 6.195  ; 6.195  ; 6.195  ;
; b[0]       ; rsoma[1]    ; 6.491  ; 6.491  ; 6.491  ; 6.491  ;
; b[0]       ; rsoma[2]    ; 7.311  ; 7.311  ; 7.311  ; 7.311  ;
; b[0]       ; rsoma[3]    ; 8.210  ; 8.210  ; 8.210  ; 8.210  ;
; b[0]       ; rsub[0]     ; 6.195  ; 6.195  ; 6.195  ; 6.195  ;
; b[0]       ; rsub[1]     ; 6.461  ; 6.461  ; 6.461  ; 6.461  ;
; b[0]       ; rsub[2]     ; 7.566  ; 7.566  ; 7.566  ; 7.566  ;
; b[0]       ; rsub[3]     ; 7.915  ; 7.915  ; 7.915  ; 7.915  ;
; b[1]       ; cout        ; 12.562 ; 12.542 ; 12.542 ; 12.562 ;
; b[1]       ; coutmai     ;        ; 10.744 ; 10.744 ;        ;
; b[1]       ; coutmen     ; 10.938 ;        ;        ; 10.938 ;
; b[1]       ; rdisp[1]    ; 10.679 ; 10.679 ; 10.679 ; 10.679 ;
; b[1]       ; rdisp[2]    ; 11.582 ; 11.582 ; 11.582 ; 11.582 ;
; b[1]       ; rdisp[3]    ; 12.288 ; 12.288 ; 12.288 ; 12.288 ;
; b[1]       ; rsoma[1]    ; 9.509  ; 9.509  ; 9.509  ; 9.509  ;
; b[1]       ; rsoma[2]    ; 10.329 ; 10.329 ; 10.329 ; 10.329 ;
; b[1]       ; rsoma[3]    ; 11.228 ; 11.228 ; 11.228 ; 11.228 ;
; b[1]       ; rsub[1]     ; 9.479  ; 9.479  ; 9.479  ; 9.479  ;
; b[1]       ; rsub[2]     ; 10.585 ; 10.585 ; 10.585 ; 10.585 ;
; b[1]       ; rsub[3]     ; 10.934 ; 10.934 ; 10.934 ; 10.934 ;
; b[2]       ; cout        ; 11.906 ; 11.688 ; 11.688 ; 11.906 ;
; b[2]       ; coutmai     ;        ; 10.091 ; 10.091 ;        ;
; b[2]       ; coutmen     ; 10.084 ;        ;        ; 10.084 ;
; b[2]       ; rdisp[2]    ; 10.925 ; 10.925 ; 10.925 ; 10.925 ;
; b[2]       ; rdisp[3]    ; 11.631 ; 11.631 ; 11.631 ; 11.631 ;
; b[2]       ; rsoma[2]    ; 9.672  ; 9.672  ; 9.672  ; 9.672  ;
; b[2]       ; rsoma[3]    ; 10.571 ; 10.571 ; 10.571 ; 10.571 ;
; b[2]       ; rsub[2]     ; 9.750  ; 9.750  ; 9.750  ; 9.750  ;
; b[2]       ; rsub[3]     ; 10.080 ; 10.080 ; 10.080 ; 10.080 ;
; b[3]       ; cout        ; 11.200 ; 11.200 ; 11.200 ; 11.200 ;
; b[3]       ; coutmai     ;        ; 9.576  ; 9.576  ;        ;
; b[3]       ; coutmen     ; 9.596  ;        ;        ; 9.596  ;
; b[3]       ; rdisp[3]    ; 10.811 ; 10.811 ; 10.811 ; 10.811 ;
; b[3]       ; rsoma[3]    ; 9.751  ; 9.751  ; 9.751  ; 9.751  ;
; b[3]       ; rsub[3]     ; 9.591  ; 9.591  ; 9.591  ; 9.591  ;
; key[0]     ; cout        ; 10.951 ; 10.791 ; 10.791 ; 10.951 ;
; key[0]     ; rdisp[0]    ; 10.448 ;        ;        ; 10.448 ;
; key[0]     ; rdisp[1]    ; 10.889 ; 11.060 ; 11.060 ; 10.889 ;
; key[0]     ; rdisp[2]    ; 11.329 ; 11.291 ; 11.291 ; 11.329 ;
; key[0]     ; rdisp[3]    ; 10.877 ; 11.056 ; 11.056 ; 10.877 ;
; key[1]     ; cout        ; 11.087 ; 10.912 ; 10.912 ; 11.087 ;
; key[1]     ; rdisp[0]    ; 10.584 ; 10.828 ; 10.828 ; 10.584 ;
; key[1]     ; rdisp[1]    ; 10.357 ; 11.181 ; 11.181 ; 10.357 ;
; key[1]     ; rdisp[2]    ; 11.465 ; 11.412 ; 11.412 ; 11.465 ;
; key[1]     ; rdisp[3]    ; 11.013 ; 11.177 ; 11.177 ; 11.013 ;
; key[2]     ; cout        ; 10.984 ; 10.813 ; 10.813 ; 10.984 ;
; key[2]     ; rdisp[0]    ; 10.481 ; 10.723 ; 10.723 ; 10.481 ;
; key[2]     ; rdisp[1]    ; 10.254 ; 11.082 ; 11.082 ; 10.254 ;
; key[2]     ; rdisp[2]    ; 11.362 ; 11.313 ; 11.313 ; 11.362 ;
; key[2]     ; rdisp[3]    ; 10.910 ; 11.078 ; 11.078 ; 10.910 ;
; ld         ; cout        ; 11.385 ;        ;        ; 11.385 ;
; ld         ; rdisp[0]    ; 11.152 ;        ;        ; 11.152 ;
; ld         ; rdisp[1]    ; 11.510 ;        ;        ; 11.510 ;
; ld         ; rdisp[2]    ; 11.763 ;        ;        ; 11.763 ;
; ld         ; rdisp[3]    ; 11.506 ;        ;        ; 11.506 ;
+------------+-------------+--------+--------+--------+--------+


+--------------------------------------------------------------+
; Minimum Propagation Delay                                    ;
+------------+-------------+--------+--------+--------+--------+
; Input Port ; Output Port ; RR     ; RF     ; FR     ; FF     ;
+------------+-------------+--------+--------+--------+--------+
; a[0]       ; cout        ; 9.239  ; 8.811  ; 8.811  ; 9.239  ;
; a[0]       ; coutmai     ; 7.697  ;        ;        ; 7.697  ;
; a[0]       ; coutmen     ;        ; 7.882  ; 7.882  ;        ;
; a[0]       ; rdisp[0]    ; 6.435  ; 6.435  ; 6.435  ; 6.435  ;
; a[0]       ; rdisp[1]    ; 7.590  ; 7.590  ; 7.590  ; 7.590  ;
; a[0]       ; rdisp[2]    ; 8.059  ; 8.059  ; 8.059  ; 8.059  ;
; a[0]       ; rdisp[3]    ; 8.320  ; 8.320  ; 8.320  ; 8.320  ;
; a[0]       ; rinv[0]     ;        ; 5.421  ; 5.421  ;        ;
; a[0]       ; rsoma[0]    ; 6.427  ; 6.427  ; 6.427  ; 6.427  ;
; a[0]       ; rsoma[1]    ; 6.461  ; 6.461  ; 6.461  ; 6.461  ;
; a[0]       ; rsoma[2]    ; 7.282  ; 7.282  ; 7.282  ; 7.282  ;
; a[0]       ; rsoma[3]    ; 8.181  ; 8.181  ; 8.181  ; 8.181  ;
; a[0]       ; rsub[0]     ; 6.427  ; 6.427  ; 6.427  ; 6.427  ;
; a[0]       ; rsub[1]     ; 6.422  ; 6.422  ; 6.422  ; 6.422  ;
; a[0]       ; rsub[2]     ; 7.529  ; 7.529  ; 7.529  ; 7.529  ;
; a[0]       ; rsub[3]     ; 7.878  ; 7.878  ; 7.878  ; 7.878  ;
; a[1]       ; cout        ; 12.559 ; 12.168 ; 12.168 ; 12.559 ;
; a[1]       ; coutmai     ; 11.017 ;        ;        ; 11.017 ;
; a[1]       ; coutmen     ;        ; 11.239 ; 11.239 ;        ;
; a[1]       ; rdisp[1]    ; 10.938 ; 9.393  ; 9.393  ; 10.938 ;
; a[1]       ; rdisp[2]    ; 11.416 ; 11.416 ; 11.416 ; 11.416 ;
; a[1]       ; rdisp[3]    ; 11.677 ; 11.677 ; 11.677 ; 11.677 ;
; a[1]       ; rinv[1]     ;        ; 8.800  ; 8.800  ;        ;
; a[1]       ; rsoma[1]    ; 9.809  ; 9.809  ; 9.809  ; 9.809  ;
; a[1]       ; rsoma[2]    ; 10.629 ; 10.629 ; 10.629 ; 10.629 ;
; a[1]       ; rsoma[3]    ; 11.528 ; 11.528 ; 11.528 ; 11.528 ;
; a[1]       ; rsub[1]     ; 9.778  ; 9.778  ; 9.778  ; 9.778  ;
; a[1]       ; rsub[2]     ; 10.886 ; 10.886 ; 10.886 ; 10.886 ;
; a[1]       ; rsub[3]     ; 11.235 ; 11.235 ; 11.235 ; 11.235 ;
; a[2]       ; cout        ; 11.553 ; 10.959 ; 10.959 ; 11.553 ;
; a[2]       ; coutmai     ; 10.011 ;        ;        ; 10.011 ;
; a[2]       ; coutmen     ;        ; 10.030 ; 10.030 ;        ;
; a[2]       ; rdisp[2]    ; 10.203 ; 10.203 ; 10.203 ; 10.203 ;
; a[2]       ; rdisp[3]    ; 10.468 ; 10.468 ; 10.468 ; 10.468 ;
; a[2]       ; rinv[2]     ;        ; 8.053  ; 8.053  ;        ;
; a[2]       ; rsoma[2]    ; 9.592  ; 9.592  ; 9.592  ; 9.592  ;
; a[2]       ; rsoma[3]    ; 10.491 ; 10.491 ; 10.491 ; 10.491 ;
; a[2]       ; rsub[2]     ; 9.673  ; 9.673  ; 9.673  ; 9.673  ;
; a[2]       ; rsub[3]     ; 10.026 ; 10.026 ; 10.026 ; 10.026 ;
; a[3]       ; cout        ; 10.974 ; 10.381 ; 10.381 ; 10.974 ;
; a[3]       ; coutmai     ; 9.432  ;        ;        ; 9.432  ;
; a[3]       ; coutmen     ;        ; 9.452  ; 9.452  ;        ;
; a[3]       ; rdisp[3]    ; 9.889  ; 9.889  ; 9.889  ; 9.889  ;
; a[3]       ; rinv[3]     ;        ; 8.227  ; 8.227  ;        ;
; a[3]       ; rsoma[3]    ; 9.781  ; 9.781  ; 9.781  ; 9.781  ;
; a[3]       ; rsub[3]     ; 9.447  ; 9.447  ; 9.447  ; 9.447  ;
; b[0]       ; cout        ; 8.848  ; 9.265  ; 9.265  ; 8.848  ;
; b[0]       ; coutmai     ;        ; 7.723  ; 7.723  ;        ;
; b[0]       ; coutmen     ; 7.919  ;        ;        ; 7.919  ;
; b[0]       ; rdisp[0]    ; 6.476  ; 6.476  ; 6.476  ; 6.476  ;
; b[0]       ; rdisp[1]    ; 7.620  ; 7.620  ; 7.620  ; 7.620  ;
; b[0]       ; rdisp[2]    ; 8.096  ; 8.096  ; 8.096  ; 8.096  ;
; b[0]       ; rdisp[3]    ; 8.357  ; 8.357  ; 8.357  ; 8.357  ;
; b[0]       ; rsoma[0]    ; 6.195  ; 6.195  ; 6.195  ; 6.195  ;
; b[0]       ; rsoma[1]    ; 6.491  ; 6.491  ; 6.491  ; 6.491  ;
; b[0]       ; rsoma[2]    ; 7.311  ; 7.311  ; 7.311  ; 7.311  ;
; b[0]       ; rsoma[3]    ; 8.210  ; 8.210  ; 8.210  ; 8.210  ;
; b[0]       ; rsub[0]     ; 6.195  ; 6.195  ; 6.195  ; 6.195  ;
; b[0]       ; rsub[1]     ; 6.461  ; 6.461  ; 6.461  ; 6.461  ;
; b[0]       ; rsub[2]     ; 7.566  ; 7.566  ; 7.566  ; 7.566  ;
; b[0]       ; rsub[3]     ; 7.915  ; 7.915  ; 7.915  ; 7.915  ;
; b[1]       ; cout        ; 11.867 ; 12.286 ; 12.286 ; 11.867 ;
; b[1]       ; coutmai     ;        ; 10.744 ; 10.744 ;        ;
; b[1]       ; coutmen     ; 10.938 ;        ;        ; 10.938 ;
; b[1]       ; rdisp[1]    ; 10.638 ; 10.638 ; 10.638 ; 10.638 ;
; b[1]       ; rdisp[2]    ; 11.115 ; 11.115 ; 11.115 ; 11.115 ;
; b[1]       ; rdisp[3]    ; 11.376 ; 11.376 ; 11.376 ; 11.376 ;
; b[1]       ; rsoma[1]    ; 9.509  ; 9.509  ; 9.509  ; 9.509  ;
; b[1]       ; rsoma[2]    ; 10.329 ; 10.329 ; 10.329 ; 10.329 ;
; b[1]       ; rsoma[3]    ; 11.228 ; 11.228 ; 11.228 ; 11.228 ;
; b[1]       ; rsub[1]     ; 9.479  ; 9.479  ; 9.479  ; 9.479  ;
; b[1]       ; rsub[2]     ; 10.585 ; 10.585 ; 10.585 ; 10.585 ;
; b[1]       ; rsub[3]     ; 10.934 ; 10.934 ; 10.934 ; 10.934 ;
; b[2]       ; cout        ; 11.013 ; 11.633 ; 11.633 ; 11.013 ;
; b[2]       ; coutmai     ;        ; 10.091 ; 10.091 ;        ;
; b[2]       ; coutmen     ; 10.084 ;        ;        ; 10.084 ;
; b[2]       ; rdisp[2]    ; 10.280 ; 10.280 ; 10.280 ; 10.280 ;
; b[2]       ; rdisp[3]    ; 10.522 ; 10.522 ; 10.522 ; 10.522 ;
; b[2]       ; rsoma[2]    ; 9.672  ; 9.672  ; 9.672  ; 9.672  ;
; b[2]       ; rsoma[3]    ; 10.571 ; 10.571 ; 10.571 ; 10.571 ;
; b[2]       ; rsub[2]     ; 9.750  ; 9.750  ; 9.750  ; 9.750  ;
; b[2]       ; rsub[3]     ; 10.080 ; 10.080 ; 10.080 ; 10.080 ;
; b[3]       ; cout        ; 10.525 ; 11.118 ; 11.118 ; 10.525 ;
; b[3]       ; coutmai     ;        ; 9.576  ; 9.576  ;        ;
; b[3]       ; coutmen     ; 9.596  ;        ;        ; 9.596  ;
; b[3]       ; rdisp[3]    ; 10.033 ; 10.033 ; 10.033 ; 10.033 ;
; b[3]       ; rsoma[3]    ; 9.751  ; 9.751  ; 9.751  ; 9.751  ;
; b[3]       ; rsub[3]     ; 9.591  ; 9.591  ; 9.591  ; 9.591  ;
; key[0]     ; cout        ; 10.728 ; 9.780  ; 9.780  ; 10.728 ;
; key[0]     ; rdisp[0]    ; 10.448 ;        ;        ; 10.448 ;
; key[0]     ; rdisp[1]    ; 10.221 ; 11.060 ; 11.060 ; 10.221 ;
; key[0]     ; rdisp[2]    ; 10.833 ; 11.291 ; 11.291 ; 10.833 ;
; key[0]     ; rdisp[3]    ; 10.559 ; 11.056 ; 11.056 ; 10.559 ;
; key[1]     ; cout        ; 10.907 ; 9.897  ; 9.897  ; 10.907 ;
; key[1]     ; rdisp[0]    ; 10.584 ; 10.828 ; 10.828 ; 10.584 ;
; key[1]     ; rdisp[1]    ; 10.357 ; 11.011 ; 11.011 ; 10.357 ;
; key[1]     ; rdisp[2]    ; 11.465 ; 10.955 ; 10.955 ; 11.465 ;
; key[1]     ; rdisp[3]    ; 11.013 ; 10.681 ; 10.681 ; 11.013 ;
; key[2]     ; cout        ; 9.796  ; 10.759 ; 10.759 ; 9.796  ;
; key[2]     ; rdisp[0]    ; 10.481 ; 10.723 ; 10.723 ; 10.481 ;
; key[2]     ; rdisp[1]    ; 10.254 ; 10.920 ; 10.920 ; 10.254 ;
; key[2]     ; rdisp[2]    ; 11.362 ; 10.864 ; 10.864 ; 11.362 ;
; key[2]     ; rdisp[3]    ; 10.910 ; 10.590 ; 10.590 ; 10.910 ;
; ld         ; cout        ; 10.195 ;        ;        ; 10.195 ;
; ld         ; rdisp[0]    ; 10.882 ;        ;        ; 10.882 ;
; ld         ; rdisp[1]    ; 10.655 ;        ;        ; 10.655 ;
; ld         ; rdisp[2]    ; 11.293 ;        ;        ; 11.293 ;
; ld         ; rdisp[3]    ; 11.019 ;        ;        ; 11.019 ;
+------------+-------------+--------+--------+--------+--------+


----------------------------
; Fast Model Setup Summary ;
----------------------------
No paths to report.


---------------------------
; Fast Model Hold Summary ;
---------------------------
No paths to report.


-------------------------------
; Fast Model Recovery Summary ;
-------------------------------
No paths to report.


------------------------------
; Fast Model Removal Summary ;
------------------------------
No paths to report.


------------------------------------------
; Fast Model Minimum Pulse Width Summary ;
------------------------------------------
No paths to report.


+----------------------------------------------------------+
; Propagation Delay                                        ;
+------------+-------------+-------+-------+-------+-------+
; Input Port ; Output Port ; RR    ; RF    ; FR    ; FF    ;
+------------+-------------+-------+-------+-------+-------+
; a[0]       ; cout        ; 4.671 ; 4.651 ; 4.651 ; 4.671 ;
; a[0]       ; coutmai     ; 3.899 ;       ;       ; 3.899 ;
; a[0]       ; coutmen     ;       ; 3.976 ; 3.976 ;       ;
; a[0]       ; rdisp[0]    ; 3.369 ; 3.369 ; 3.369 ; 3.369 ;
; a[0]       ; rdisp[1]    ; 3.852 ; 3.852 ; 3.852 ; 3.852 ;
; a[0]       ; rdisp[2]    ; 4.194 ; 4.194 ; 4.194 ; 4.194 ;
; a[0]       ; rdisp[3]    ; 4.508 ; 4.508 ; 4.508 ; 4.508 ;
; a[0]       ; rinv[0]     ;       ; 2.908 ; 2.908 ;       ;
; a[0]       ; rsoma[0]    ; 3.360 ; 3.360 ; 3.360 ; 3.360 ;
; a[0]       ; rsoma[1]    ; 3.378 ; 3.378 ; 3.378 ; 3.378 ;
; a[0]       ; rsoma[2]    ; 3.678 ; 3.678 ; 3.678 ; 3.678 ;
; a[0]       ; rsoma[3]    ; 4.059 ; 4.059 ; 4.059 ; 4.059 ;
; a[0]       ; rsub[0]     ; 3.360 ; 3.360 ; 3.360 ; 3.360 ;
; a[0]       ; rsub[1]     ; 3.351 ; 3.351 ; 3.351 ; 3.351 ;
; a[0]       ; rsub[2]     ; 3.807 ; 3.807 ; 3.807 ; 3.807 ;
; a[0]       ; rsub[3]     ; 3.971 ; 3.971 ; 3.971 ; 3.971 ;
; a[1]       ; cout        ; 6.750 ; 6.742 ; 6.742 ; 6.750 ;
; a[1]       ; coutmai     ; 5.977 ;       ;       ; 5.977 ;
; a[1]       ; coutmen     ;       ; 6.067 ; 6.067 ;       ;
; a[1]       ; rdisp[1]    ; 5.937 ; 5.937 ; 5.937 ; 5.937 ;
; a[1]       ; rdisp[2]    ; 6.273 ; 6.273 ; 6.273 ; 6.273 ;
; a[1]       ; rdisp[3]    ; 6.587 ; 6.587 ; 6.587 ; 6.587 ;
; a[1]       ; rinv[1]     ;       ; 5.006 ; 5.006 ;       ;
; a[1]       ; rsoma[1]    ; 5.458 ; 5.458 ; 5.458 ; 5.458 ;
; a[1]       ; rsoma[2]    ; 5.757 ; 5.757 ; 5.757 ; 5.757 ;
; a[1]       ; rsoma[3]    ; 6.138 ; 6.138 ; 6.138 ; 6.138 ;
; a[1]       ; rsub[1]     ; 5.436 ; 5.436 ; 5.436 ; 5.436 ;
; a[1]       ; rsub[2]     ; 5.898 ; 5.898 ; 5.898 ; 5.898 ;
; a[1]       ; rsub[3]     ; 6.062 ; 6.062 ; 6.062 ; 6.062 ;
; a[2]       ; cout        ; 6.353 ; 6.269 ; 6.269 ; 6.353 ;
; a[2]       ; coutmai     ; 5.582 ;       ;       ; 5.582 ;
; a[2]       ; coutmen     ;       ; 5.594 ; 5.594 ;       ;
; a[2]       ; rdisp[2]    ; 5.876 ; 5.876 ; 5.876 ; 5.876 ;
; a[2]       ; rdisp[3]    ; 6.189 ; 6.189 ; 6.189 ; 6.189 ;
; a[2]       ; rinv[2]     ;       ; 4.695 ; 4.695 ;       ;
; a[2]       ; rsoma[2]    ; 5.360 ; 5.360 ; 5.360 ; 5.360 ;
; a[2]       ; rsoma[3]    ; 5.740 ; 5.740 ; 5.740 ; 5.740 ;
; a[2]       ; rsub[2]     ; 5.421 ; 5.421 ; 5.421 ; 5.421 ;
; a[2]       ; rsub[3]     ; 5.589 ; 5.589 ; 5.589 ; 5.589 ;
; a[3]       ; cout        ; 6.014 ; 6.008 ; 6.008 ; 6.014 ;
; a[3]       ; coutmai     ; 5.317 ;       ;       ; 5.317 ;
; a[3]       ; coutmen     ;       ; 5.333 ; 5.333 ;       ;
; a[3]       ; rdisp[3]    ; 5.866 ; 5.866 ; 5.866 ; 5.866 ;
; a[3]       ; rinv[3]     ;       ; 4.726 ; 4.726 ;       ;
; a[3]       ; rsoma[3]    ; 5.417 ; 5.417 ; 5.417 ; 5.417 ;
; a[3]       ; rsub[3]     ; 5.328 ; 5.328 ; 5.328 ; 5.328 ;
; b[0]       ; cout        ; 4.661 ; 4.648 ; 4.648 ; 4.661 ;
; b[0]       ; coutmai     ;       ; 3.886 ; 3.886 ;       ;
; b[0]       ; coutmen     ; 3.973 ;       ;       ; 3.973 ;
; b[0]       ; rdisp[0]    ; 3.365 ; 3.365 ; 3.365 ; 3.365 ;
; b[0]       ; rdisp[1]    ; 3.851 ; 3.851 ; 3.851 ; 3.851 ;
; b[0]       ; rdisp[2]    ; 4.184 ; 4.184 ; 4.184 ; 4.184 ;
; b[0]       ; rdisp[3]    ; 4.498 ; 4.498 ; 4.498 ; 4.498 ;
; b[0]       ; rsoma[0]    ; 3.239 ; 3.239 ; 3.239 ; 3.239 ;
; b[0]       ; rsoma[1]    ; 3.367 ; 3.367 ; 3.367 ; 3.367 ;
; b[0]       ; rsoma[2]    ; 3.668 ; 3.668 ; 3.668 ; 3.668 ;
; b[0]       ; rsoma[3]    ; 4.049 ; 4.049 ; 4.049 ; 4.049 ;
; b[0]       ; rsub[0]     ; 3.239 ; 3.239 ; 3.239 ; 3.239 ;
; b[0]       ; rsub[1]     ; 3.350 ; 3.350 ; 3.350 ; 3.350 ;
; b[0]       ; rsub[2]     ; 3.804 ; 3.804 ; 3.804 ; 3.804 ;
; b[0]       ; rsub[3]     ; 3.968 ; 3.968 ; 3.968 ; 3.968 ;
; b[1]       ; cout        ; 6.623 ; 6.611 ; 6.611 ; 6.623 ;
; b[1]       ; coutmai     ;       ; 5.853 ; 5.853 ;       ;
; b[1]       ; coutmen     ; 5.936 ;       ;       ; 5.936 ;
; b[1]       ; rdisp[1]    ; 5.814 ; 5.814 ; 5.814 ; 5.814 ;
; b[1]       ; rdisp[2]    ; 6.146 ; 6.146 ; 6.146 ; 6.146 ;
; b[1]       ; rdisp[3]    ; 6.460 ; 6.460 ; 6.460 ; 6.460 ;
; b[1]       ; rsoma[1]    ; 5.334 ; 5.334 ; 5.334 ; 5.334 ;
; b[1]       ; rsoma[2]    ; 5.630 ; 5.630 ; 5.630 ; 5.630 ;
; b[1]       ; rsoma[3]    ; 6.011 ; 6.011 ; 6.011 ; 6.011 ;
; b[1]       ; rsub[1]     ; 5.313 ; 5.313 ; 5.313 ; 5.313 ;
; b[1]       ; rsub[2]     ; 5.767 ; 5.767 ; 5.767 ; 5.767 ;
; b[1]       ; rsub[3]     ; 5.931 ; 5.931 ; 5.931 ; 5.931 ;
; b[2]       ; cout        ; 6.345 ; 6.261 ; 6.261 ; 6.345 ;
; b[2]       ; coutmai     ;       ; 5.579 ; 5.579 ;       ;
; b[2]       ; coutmen     ; 5.586 ;       ;       ; 5.586 ;
; b[2]       ; rdisp[2]    ; 5.868 ; 5.868 ; 5.868 ; 5.868 ;
; b[2]       ; rdisp[3]    ; 6.182 ; 6.182 ; 6.182 ; 6.182 ;
; b[2]       ; rsoma[2]    ; 5.352 ; 5.352 ; 5.352 ; 5.352 ;
; b[2]       ; rsoma[3]    ; 5.733 ; 5.733 ; 5.733 ; 5.733 ;
; b[2]       ; rsub[2]     ; 5.413 ; 5.413 ; 5.413 ; 5.413 ;
; b[2]       ; rsub[3]     ; 5.581 ; 5.581 ; 5.581 ; 5.581 ;
; b[3]       ; cout        ; 6.064 ; 6.064 ; 6.064 ; 6.064 ;
; b[3]       ; coutmai     ;       ; 5.373 ; 5.373 ;       ;
; b[3]       ; coutmen     ; 5.389 ;       ;       ; 5.389 ;
; b[3]       ; rdisp[3]    ; 5.835 ; 5.835 ; 5.835 ; 5.835 ;
; b[3]       ; rsoma[3]    ; 5.386 ; 5.386 ; 5.386 ; 5.386 ;
; b[3]       ; rsub[3]     ; 5.376 ; 5.376 ; 5.376 ; 5.376 ;
; key[0]     ; cout        ; 5.961 ; 5.865 ; 5.865 ; 5.961 ;
; key[0]     ; rdisp[0]    ; 5.760 ;       ;       ; 5.760 ;
; key[0]     ; rdisp[1]    ; 5.928 ; 5.989 ; 5.989 ; 5.928 ;
; key[0]     ; rdisp[2]    ; 6.063 ; 6.029 ; 6.029 ; 6.063 ;
; key[0]     ; rdisp[3]    ; 5.867 ; 5.932 ; 5.932 ; 5.867 ;
; key[1]     ; cout        ; 6.020 ; 5.950 ; 5.950 ; 6.020 ;
; key[1]     ; rdisp[0]    ; 5.819 ; 5.922 ; 5.922 ; 5.819 ;
; key[1]     ; rdisp[1]    ; 5.710 ; 6.074 ; 6.074 ; 5.710 ;
; key[1]     ; rdisp[2]    ; 6.122 ; 6.114 ; 6.114 ; 6.122 ;
; key[1]     ; rdisp[3]    ; 5.926 ; 6.017 ; 6.017 ; 5.926 ;
; key[2]     ; cout        ; 5.988 ; 5.906 ; 5.906 ; 5.988 ;
; key[2]     ; rdisp[0]    ; 5.787 ; 5.876 ; 5.876 ; 5.787 ;
; key[2]     ; rdisp[1]    ; 5.678 ; 6.030 ; 6.030 ; 5.678 ;
; key[2]     ; rdisp[2]    ; 6.090 ; 6.070 ; 6.070 ; 6.090 ;
; key[2]     ; rdisp[3]    ; 5.894 ; 5.973 ; 5.973 ; 5.894 ;
; ld         ; cout        ; 6.164 ;       ;       ; 6.164 ;
; ld         ; rdisp[0]    ; 6.052 ;       ;       ; 6.052 ;
; ld         ; rdisp[1]    ; 6.206 ;       ;       ; 6.206 ;
; ld         ; rdisp[2]    ; 6.266 ;       ;       ; 6.266 ;
; ld         ; rdisp[3]    ; 6.149 ;       ;       ; 6.149 ;
+------------+-------------+-------+-------+-------+-------+


+----------------------------------------------------------+
; Minimum Propagation Delay                                ;
+------------+-------------+-------+-------+-------+-------+
; Input Port ; Output Port ; RR    ; RF    ; FR    ; FF    ;
+------------+-------------+-------+-------+-------+-------+
; a[0]       ; cout        ; 4.558 ; 4.369 ; 4.369 ; 4.558 ;
; a[0]       ; coutmai     ; 3.899 ;       ;       ; 3.899 ;
; a[0]       ; coutmen     ;       ; 3.976 ; 3.976 ;       ;
; a[0]       ; rdisp[0]    ; 3.369 ; 3.369 ; 3.369 ; 3.369 ;
; a[0]       ; rdisp[1]    ; 3.844 ; 3.844 ; 3.844 ; 3.844 ;
; a[0]       ; rdisp[2]    ; 3.983 ; 3.983 ; 3.983 ; 3.983 ;
; a[0]       ; rdisp[3]    ; 4.091 ; 4.091 ; 4.091 ; 4.091 ;
; a[0]       ; rinv[0]     ;       ; 2.908 ; 2.908 ;       ;
; a[0]       ; rsoma[0]    ; 3.360 ; 3.360 ; 3.360 ; 3.360 ;
; a[0]       ; rsoma[1]    ; 3.378 ; 3.378 ; 3.378 ; 3.378 ;
; a[0]       ; rsoma[2]    ; 3.678 ; 3.678 ; 3.678 ; 3.678 ;
; a[0]       ; rsoma[3]    ; 4.059 ; 4.059 ; 4.059 ; 4.059 ;
; a[0]       ; rsub[0]     ; 3.360 ; 3.360 ; 3.360 ; 3.360 ;
; a[0]       ; rsub[1]     ; 3.351 ; 3.351 ; 3.351 ; 3.351 ;
; a[0]       ; rsub[2]     ; 3.807 ; 3.807 ; 3.807 ; 3.807 ;
; a[0]       ; rsub[3]     ; 3.971 ; 3.971 ; 3.971 ; 3.971 ;
; a[1]       ; cout        ; 6.636 ; 6.460 ; 6.460 ; 6.636 ;
; a[1]       ; coutmai     ; 5.977 ;       ;       ; 5.977 ;
; a[1]       ; coutmen     ;       ; 6.067 ; 6.067 ;       ;
; a[1]       ; rdisp[1]    ; 5.924 ; 5.267 ; 5.267 ; 5.924 ;
; a[1]       ; rdisp[2]    ; 6.074 ; 6.074 ; 6.074 ; 6.074 ;
; a[1]       ; rdisp[3]    ; 6.182 ; 6.182 ; 6.182 ; 6.182 ;
; a[1]       ; rinv[1]     ;       ; 5.006 ; 5.006 ;       ;
; a[1]       ; rsoma[1]    ; 5.458 ; 5.458 ; 5.458 ; 5.458 ;
; a[1]       ; rsoma[2]    ; 5.757 ; 5.757 ; 5.757 ; 5.757 ;
; a[1]       ; rsoma[3]    ; 6.138 ; 6.138 ; 6.138 ; 6.138 ;
; a[1]       ; rsub[1]     ; 5.436 ; 5.436 ; 5.436 ; 5.436 ;
; a[1]       ; rsub[2]     ; 5.898 ; 5.898 ; 5.898 ; 5.898 ;
; a[1]       ; rsub[3]     ; 6.062 ; 6.062 ; 6.062 ; 6.062 ;
; a[2]       ; cout        ; 6.241 ; 5.987 ; 5.987 ; 6.241 ;
; a[2]       ; coutmai     ; 5.582 ;       ;       ; 5.582 ;
; a[2]       ; coutmen     ;       ; 5.594 ; 5.594 ;       ;
; a[2]       ; rdisp[2]    ; 5.597 ; 5.597 ; 5.597 ; 5.597 ;
; a[2]       ; rdisp[3]    ; 5.709 ; 5.709 ; 5.709 ; 5.709 ;
; a[2]       ; rinv[2]     ;       ; 4.695 ; 4.695 ;       ;
; a[2]       ; rsoma[2]    ; 5.360 ; 5.360 ; 5.360 ; 5.360 ;
; a[2]       ; rsoma[3]    ; 5.740 ; 5.740 ; 5.740 ; 5.740 ;
; a[2]       ; rsub[2]     ; 5.421 ; 5.421 ; 5.421 ; 5.421 ;
; a[2]       ; rsub[3]     ; 5.589 ; 5.589 ; 5.589 ; 5.589 ;
; a[3]       ; cout        ; 5.976 ; 5.726 ; 5.726 ; 5.976 ;
; a[3]       ; coutmai     ; 5.317 ;       ;       ; 5.317 ;
; a[3]       ; coutmen     ;       ; 5.333 ; 5.333 ;       ;
; a[3]       ; rdisp[3]    ; 5.448 ; 5.448 ; 5.448 ; 5.448 ;
; a[3]       ; rinv[3]     ;       ; 4.726 ; 4.726 ;       ;
; a[3]       ; rsoma[3]    ; 5.417 ; 5.417 ; 5.417 ; 5.417 ;
; a[3]       ; rsub[3]     ; 5.328 ; 5.328 ; 5.328 ; 5.328 ;
; b[0]       ; cout        ; 4.366 ; 4.545 ; 4.545 ; 4.366 ;
; b[0]       ; coutmai     ;       ; 3.886 ; 3.886 ;       ;
; b[0]       ; coutmen     ; 3.973 ;       ;       ; 3.973 ;
; b[0]       ; rdisp[0]    ; 3.365 ; 3.365 ; 3.365 ; 3.365 ;
; b[0]       ; rdisp[1]    ; 3.833 ; 3.833 ; 3.833 ; 3.833 ;
; b[0]       ; rdisp[2]    ; 3.980 ; 3.980 ; 3.980 ; 3.980 ;
; b[0]       ; rdisp[3]    ; 4.088 ; 4.088 ; 4.088 ; 4.088 ;
; b[0]       ; rsoma[0]    ; 3.239 ; 3.239 ; 3.239 ; 3.239 ;
; b[0]       ; rsoma[1]    ; 3.367 ; 3.367 ; 3.367 ; 3.367 ;
; b[0]       ; rsoma[2]    ; 3.668 ; 3.668 ; 3.668 ; 3.668 ;
; b[0]       ; rsoma[3]    ; 4.049 ; 4.049 ; 4.049 ; 4.049 ;
; b[0]       ; rsub[0]     ; 3.239 ; 3.239 ; 3.239 ; 3.239 ;
; b[0]       ; rsub[1]     ; 3.350 ; 3.350 ; 3.350 ; 3.350 ;
; b[0]       ; rsub[2]     ; 3.804 ; 3.804 ; 3.804 ; 3.804 ;
; b[0]       ; rsub[3]     ; 3.968 ; 3.968 ; 3.968 ; 3.968 ;
; b[1]       ; cout        ; 6.329 ; 6.512 ; 6.512 ; 6.329 ;
; b[1]       ; coutmai     ;       ; 5.853 ; 5.853 ;       ;
; b[1]       ; coutmen     ; 5.936 ;       ;       ; 5.936 ;
; b[1]       ; rdisp[1]    ; 5.800 ; 5.800 ; 5.800 ; 5.800 ;
; b[1]       ; rdisp[2]    ; 5.943 ; 5.943 ; 5.943 ; 5.943 ;
; b[1]       ; rdisp[3]    ; 6.051 ; 6.051 ; 6.051 ; 6.051 ;
; b[1]       ; rsoma[1]    ; 5.334 ; 5.334 ; 5.334 ; 5.334 ;
; b[1]       ; rsoma[2]    ; 5.630 ; 5.630 ; 5.630 ; 5.630 ;
; b[1]       ; rsoma[3]    ; 6.011 ; 6.011 ; 6.011 ; 6.011 ;
; b[1]       ; rsub[1]     ; 5.313 ; 5.313 ; 5.313 ; 5.313 ;
; b[1]       ; rsub[2]     ; 5.767 ; 5.767 ; 5.767 ; 5.767 ;
; b[1]       ; rsub[3]     ; 5.931 ; 5.931 ; 5.931 ; 5.931 ;
; b[2]       ; cout        ; 5.979 ; 6.238 ; 6.238 ; 5.979 ;
; b[2]       ; coutmai     ;       ; 5.579 ; 5.579 ;       ;
; b[2]       ; coutmen     ; 5.586 ;       ;       ; 5.586 ;
; b[2]       ; rdisp[2]    ; 5.589 ; 5.589 ; 5.589 ; 5.589 ;
; b[2]       ; rdisp[3]    ; 5.701 ; 5.701 ; 5.701 ; 5.701 ;
; b[2]       ; rsoma[2]    ; 5.352 ; 5.352 ; 5.352 ; 5.352 ;
; b[2]       ; rsoma[3]    ; 5.733 ; 5.733 ; 5.733 ; 5.733 ;
; b[2]       ; rsub[2]     ; 5.413 ; 5.413 ; 5.413 ; 5.413 ;
; b[2]       ; rsub[3]     ; 5.581 ; 5.581 ; 5.581 ; 5.581 ;
; b[3]       ; cout        ; 5.782 ; 6.032 ; 6.032 ; 5.782 ;
; b[3]       ; coutmai     ;       ; 5.373 ; 5.373 ;       ;
; b[3]       ; coutmen     ; 5.389 ;       ;       ; 5.389 ;
; b[3]       ; rdisp[3]    ; 5.496 ; 5.496 ; 5.496 ; 5.496 ;
; b[3]       ; rsoma[3]    ; 5.386 ; 5.386 ; 5.386 ; 5.386 ;
; b[3]       ; rsub[3]     ; 5.376 ; 5.376 ; 5.376 ; 5.376 ;
; key[0]     ; cout        ; 5.868 ; 5.437 ; 5.437 ; 5.868 ;
; key[0]     ; rdisp[0]    ; 5.760 ;       ;       ; 5.760 ;
; key[0]     ; rdisp[1]    ; 5.651 ; 5.989 ; 5.989 ; 5.651 ;
; key[0]     ; rdisp[2]    ; 5.852 ; 6.029 ; 6.029 ; 5.852 ;
; key[0]     ; rdisp[3]    ; 5.738 ; 5.932 ; 5.932 ; 5.738 ;
; key[1]     ; cout        ; 5.927 ; 5.522 ; 5.522 ; 5.927 ;
; key[1]     ; rdisp[0]    ; 5.819 ; 5.922 ; 5.922 ; 5.819 ;
; key[1]     ; rdisp[1]    ; 5.710 ; 5.986 ; 5.986 ; 5.710 ;
; key[1]     ; rdisp[2]    ; 6.122 ; 5.910 ; 5.910 ; 6.122 ;
; key[1]     ; rdisp[3]    ; 5.926 ; 5.796 ; 5.796 ; 5.926 ;
; key[2]     ; cout        ; 5.477 ; 5.890 ; 5.890 ; 5.477 ;
; key[2]     ; rdisp[0]    ; 5.787 ; 5.876 ; 5.876 ; 5.787 ;
; key[2]     ; rdisp[1]    ; 5.678 ; 5.951 ; 5.951 ; 5.678 ;
; key[2]     ; rdisp[2]    ; 6.090 ; 5.875 ; 5.875 ; 6.090 ;
; key[2]     ; rdisp[3]    ; 5.894 ; 5.761 ; 5.761 ; 5.894 ;
; ld         ; cout        ; 5.652 ;       ;       ; 5.652 ;
; ld         ; rdisp[0]    ; 5.963 ;       ;       ; 5.963 ;
; ld         ; rdisp[1]    ; 5.854 ;       ;       ; 5.854 ;
; ld         ; rdisp[2]    ; 6.052 ;       ;       ; 6.052 ;
; ld         ; rdisp[3]    ; 5.938 ;       ;       ; 5.938 ;
+------------+-------------+-------+-------+-------+-------+


+----------------------------------------------------------------------------+
; Multicorner Timing Analysis Summary                                        ;
+------------------+-------+------+----------+---------+---------------------+
; Clock            ; Setup ; Hold ; Recovery ; Removal ; Minimum Pulse Width ;
+------------------+-------+------+----------+---------+---------------------+
; Worst-case Slack ; N/A   ; N/A  ; N/A      ; N/A     ; N/A                 ;
; Design-wide TNS  ; 0.0   ; 0.0  ; 0.0      ; 0.0     ; 0.0                 ;
+------------------+-------+------+----------+---------+---------------------+


+--------------------------------------------------------------+
; Progagation Delay                                            ;
+------------+-------------+--------+--------+--------+--------+
; Input Port ; Output Port ; RR     ; RF     ; FR     ; FF     ;
+------------+-------------+--------+--------+--------+--------+
; a[0]       ; cout        ; 9.515  ; 9.486  ; 9.486  ; 9.515  ;
; a[0]       ; coutmai     ; 7.697  ;        ;        ; 7.697  ;
; a[0]       ; coutmen     ;        ; 7.882  ; 7.882  ;        ;
; a[0]       ; rdisp[0]    ; 6.435  ; 6.435  ; 6.435  ; 6.435  ;
; a[0]       ; rdisp[1]    ; 7.622  ; 7.622  ; 7.622  ; 7.622  ;
; a[0]       ; rdisp[2]    ; 8.535  ; 8.535  ; 8.535  ; 8.535  ;
; a[0]       ; rdisp[3]    ; 9.241  ; 9.241  ; 9.241  ; 9.241  ;
; a[0]       ; rinv[0]     ;        ; 5.421  ; 5.421  ;        ;
; a[0]       ; rsoma[0]    ; 6.427  ; 6.427  ; 6.427  ; 6.427  ;
; a[0]       ; rsoma[1]    ; 6.461  ; 6.461  ; 6.461  ; 6.461  ;
; a[0]       ; rsoma[2]    ; 7.282  ; 7.282  ; 7.282  ; 7.282  ;
; a[0]       ; rsoma[3]    ; 8.181  ; 8.181  ; 8.181  ; 8.181  ;
; a[0]       ; rsub[0]     ; 6.427  ; 6.427  ; 6.427  ; 6.427  ;
; a[0]       ; rsub[1]     ; 6.422  ; 6.422  ; 6.422  ; 6.422  ;
; a[0]       ; rsub[2]     ; 7.529  ; 7.529  ; 7.529  ; 7.529  ;
; a[0]       ; rsub[3]     ; 7.878  ; 7.878  ; 7.878  ; 7.878  ;
; a[1]       ; cout        ; 12.862 ; 12.843 ; 12.843 ; 12.862 ;
; a[1]       ; coutmai     ; 11.017 ;        ;        ; 11.017 ;
; a[1]       ; coutmen     ;        ; 11.239 ; 11.239 ;        ;
; a[1]       ; rdisp[1]    ; 10.978 ; 10.978 ; 10.978 ; 10.978 ;
; a[1]       ; rdisp[2]    ; 11.882 ; 11.882 ; 11.882 ; 11.882 ;
; a[1]       ; rdisp[3]    ; 12.588 ; 12.588 ; 12.588 ; 12.588 ;
; a[1]       ; rinv[1]     ;        ; 8.800  ; 8.800  ;        ;
; a[1]       ; rsoma[1]    ; 9.809  ; 9.809  ; 9.809  ; 9.809  ;
; a[1]       ; rsoma[2]    ; 10.629 ; 10.629 ; 10.629 ; 10.629 ;
; a[1]       ; rsoma[3]    ; 11.528 ; 11.528 ; 11.528 ; 11.528 ;
; a[1]       ; rsub[1]     ; 9.778  ; 9.778  ; 9.778  ; 9.778  ;
; a[1]       ; rsub[2]     ; 10.886 ; 10.886 ; 10.886 ; 10.886 ;
; a[1]       ; rsub[3]     ; 11.235 ; 11.235 ; 11.235 ; 11.235 ;
; a[2]       ; cout        ; 11.826 ; 11.634 ; 11.634 ; 11.826 ;
; a[2]       ; coutmai     ; 10.011 ;        ;        ; 10.011 ;
; a[2]       ; coutmen     ;        ; 10.030 ; 10.030 ;        ;
; a[2]       ; rdisp[2]    ; 10.845 ; 10.845 ; 10.845 ; 10.845 ;
; a[2]       ; rdisp[3]    ; 11.551 ; 11.551 ; 11.551 ; 11.551 ;
; a[2]       ; rinv[2]     ;        ; 8.053  ; 8.053  ;        ;
; a[2]       ; rsoma[2]    ; 9.592  ; 9.592  ; 9.592  ; 9.592  ;
; a[2]       ; rsoma[3]    ; 10.491 ; 10.491 ; 10.491 ; 10.491 ;
; a[2]       ; rsub[2]     ; 9.673  ; 9.673  ; 9.673  ; 9.673  ;
; a[2]       ; rsub[3]     ; 10.026 ; 10.026 ; 10.026 ; 10.026 ;
; a[3]       ; cout        ; 11.077 ; 11.056 ; 11.056 ; 11.077 ;
; a[3]       ; coutmai     ; 9.432  ;        ;        ; 9.432  ;
; a[3]       ; coutmen     ;        ; 9.452  ; 9.452  ;        ;
; a[3]       ; rdisp[3]    ; 10.841 ; 10.841 ; 10.841 ; 10.841 ;
; a[3]       ; rinv[3]     ;        ; 8.227  ; 8.227  ;        ;
; a[3]       ; rsoma[3]    ; 9.781  ; 9.781  ; 9.781  ; 9.781  ;
; a[3]       ; rsub[3]     ; 9.447  ; 9.447  ; 9.447  ; 9.447  ;
; b[0]       ; cout        ; 9.544  ; 9.523  ; 9.523  ; 9.544  ;
; b[0]       ; coutmai     ;        ; 7.723  ; 7.723  ;        ;
; b[0]       ; coutmen     ; 7.919  ;        ;        ; 7.919  ;
; b[0]       ; rdisp[0]    ; 6.476  ; 6.476  ; 6.476  ; 6.476  ;
; b[0]       ; rdisp[1]    ; 7.661  ; 7.661  ; 7.661  ; 7.661  ;
; b[0]       ; rdisp[2]    ; 8.564  ; 8.564  ; 8.564  ; 8.564  ;
; b[0]       ; rdisp[3]    ; 9.270  ; 9.270  ; 9.270  ; 9.270  ;
; b[0]       ; rsoma[0]    ; 6.195  ; 6.195  ; 6.195  ; 6.195  ;
; b[0]       ; rsoma[1]    ; 6.491  ; 6.491  ; 6.491  ; 6.491  ;
; b[0]       ; rsoma[2]    ; 7.311  ; 7.311  ; 7.311  ; 7.311  ;
; b[0]       ; rsoma[3]    ; 8.210  ; 8.210  ; 8.210  ; 8.210  ;
; b[0]       ; rsub[0]     ; 6.195  ; 6.195  ; 6.195  ; 6.195  ;
; b[0]       ; rsub[1]     ; 6.461  ; 6.461  ; 6.461  ; 6.461  ;
; b[0]       ; rsub[2]     ; 7.566  ; 7.566  ; 7.566  ; 7.566  ;
; b[0]       ; rsub[3]     ; 7.915  ; 7.915  ; 7.915  ; 7.915  ;
; b[1]       ; cout        ; 12.562 ; 12.542 ; 12.542 ; 12.562 ;
; b[1]       ; coutmai     ;        ; 10.744 ; 10.744 ;        ;
; b[1]       ; coutmen     ; 10.938 ;        ;        ; 10.938 ;
; b[1]       ; rdisp[1]    ; 10.679 ; 10.679 ; 10.679 ; 10.679 ;
; b[1]       ; rdisp[2]    ; 11.582 ; 11.582 ; 11.582 ; 11.582 ;
; b[1]       ; rdisp[3]    ; 12.288 ; 12.288 ; 12.288 ; 12.288 ;
; b[1]       ; rsoma[1]    ; 9.509  ; 9.509  ; 9.509  ; 9.509  ;
; b[1]       ; rsoma[2]    ; 10.329 ; 10.329 ; 10.329 ; 10.329 ;
; b[1]       ; rsoma[3]    ; 11.228 ; 11.228 ; 11.228 ; 11.228 ;
; b[1]       ; rsub[1]     ; 9.479  ; 9.479  ; 9.479  ; 9.479  ;
; b[1]       ; rsub[2]     ; 10.585 ; 10.585 ; 10.585 ; 10.585 ;
; b[1]       ; rsub[3]     ; 10.934 ; 10.934 ; 10.934 ; 10.934 ;
; b[2]       ; cout        ; 11.906 ; 11.688 ; 11.688 ; 11.906 ;
; b[2]       ; coutmai     ;        ; 10.091 ; 10.091 ;        ;
; b[2]       ; coutmen     ; 10.084 ;        ;        ; 10.084 ;
; b[2]       ; rdisp[2]    ; 10.925 ; 10.925 ; 10.925 ; 10.925 ;
; b[2]       ; rdisp[3]    ; 11.631 ; 11.631 ; 11.631 ; 11.631 ;
; b[2]       ; rsoma[2]    ; 9.672  ; 9.672  ; 9.672  ; 9.672  ;
; b[2]       ; rsoma[3]    ; 10.571 ; 10.571 ; 10.571 ; 10.571 ;
; b[2]       ; rsub[2]     ; 9.750  ; 9.750  ; 9.750  ; 9.750  ;
; b[2]       ; rsub[3]     ; 10.080 ; 10.080 ; 10.080 ; 10.080 ;
; b[3]       ; cout        ; 11.200 ; 11.200 ; 11.200 ; 11.200 ;
; b[3]       ; coutmai     ;        ; 9.576  ; 9.576  ;        ;
; b[3]       ; coutmen     ; 9.596  ;        ;        ; 9.596  ;
; b[3]       ; rdisp[3]    ; 10.811 ; 10.811 ; 10.811 ; 10.811 ;
; b[3]       ; rsoma[3]    ; 9.751  ; 9.751  ; 9.751  ; 9.751  ;
; b[3]       ; rsub[3]     ; 9.591  ; 9.591  ; 9.591  ; 9.591  ;
; key[0]     ; cout        ; 10.951 ; 10.791 ; 10.791 ; 10.951 ;
; key[0]     ; rdisp[0]    ; 10.448 ;        ;        ; 10.448 ;
; key[0]     ; rdisp[1]    ; 10.889 ; 11.060 ; 11.060 ; 10.889 ;
; key[0]     ; rdisp[2]    ; 11.329 ; 11.291 ; 11.291 ; 11.329 ;
; key[0]     ; rdisp[3]    ; 10.877 ; 11.056 ; 11.056 ; 10.877 ;
; key[1]     ; cout        ; 11.087 ; 10.912 ; 10.912 ; 11.087 ;
; key[1]     ; rdisp[0]    ; 10.584 ; 10.828 ; 10.828 ; 10.584 ;
; key[1]     ; rdisp[1]    ; 10.357 ; 11.181 ; 11.181 ; 10.357 ;
; key[1]     ; rdisp[2]    ; 11.465 ; 11.412 ; 11.412 ; 11.465 ;
; key[1]     ; rdisp[3]    ; 11.013 ; 11.177 ; 11.177 ; 11.013 ;
; key[2]     ; cout        ; 10.984 ; 10.813 ; 10.813 ; 10.984 ;
; key[2]     ; rdisp[0]    ; 10.481 ; 10.723 ; 10.723 ; 10.481 ;
; key[2]     ; rdisp[1]    ; 10.254 ; 11.082 ; 11.082 ; 10.254 ;
; key[2]     ; rdisp[2]    ; 11.362 ; 11.313 ; 11.313 ; 11.362 ;
; key[2]     ; rdisp[3]    ; 10.910 ; 11.078 ; 11.078 ; 10.910 ;
; ld         ; cout        ; 11.385 ;        ;        ; 11.385 ;
; ld         ; rdisp[0]    ; 11.152 ;        ;        ; 11.152 ;
; ld         ; rdisp[1]    ; 11.510 ;        ;        ; 11.510 ;
; ld         ; rdisp[2]    ; 11.763 ;        ;        ; 11.763 ;
; ld         ; rdisp[3]    ; 11.506 ;        ;        ; 11.506 ;
+------------+-------------+--------+--------+--------+--------+


+----------------------------------------------------------+
; Minimum Progagation Delay                                ;
+------------+-------------+-------+-------+-------+-------+
; Input Port ; Output Port ; RR    ; RF    ; FR    ; FF    ;
+------------+-------------+-------+-------+-------+-------+
; a[0]       ; cout        ; 4.558 ; 4.369 ; 4.369 ; 4.558 ;
; a[0]       ; coutmai     ; 3.899 ;       ;       ; 3.899 ;
; a[0]       ; coutmen     ;       ; 3.976 ; 3.976 ;       ;
; a[0]       ; rdisp[0]    ; 3.369 ; 3.369 ; 3.369 ; 3.369 ;
; a[0]       ; rdisp[1]    ; 3.844 ; 3.844 ; 3.844 ; 3.844 ;
; a[0]       ; rdisp[2]    ; 3.983 ; 3.983 ; 3.983 ; 3.983 ;
; a[0]       ; rdisp[3]    ; 4.091 ; 4.091 ; 4.091 ; 4.091 ;
; a[0]       ; rinv[0]     ;       ; 2.908 ; 2.908 ;       ;
; a[0]       ; rsoma[0]    ; 3.360 ; 3.360 ; 3.360 ; 3.360 ;
; a[0]       ; rsoma[1]    ; 3.378 ; 3.378 ; 3.378 ; 3.378 ;
; a[0]       ; rsoma[2]    ; 3.678 ; 3.678 ; 3.678 ; 3.678 ;
; a[0]       ; rsoma[3]    ; 4.059 ; 4.059 ; 4.059 ; 4.059 ;
; a[0]       ; rsub[0]     ; 3.360 ; 3.360 ; 3.360 ; 3.360 ;
; a[0]       ; rsub[1]     ; 3.351 ; 3.351 ; 3.351 ; 3.351 ;
; a[0]       ; rsub[2]     ; 3.807 ; 3.807 ; 3.807 ; 3.807 ;
; a[0]       ; rsub[3]     ; 3.971 ; 3.971 ; 3.971 ; 3.971 ;
; a[1]       ; cout        ; 6.636 ; 6.460 ; 6.460 ; 6.636 ;
; a[1]       ; coutmai     ; 5.977 ;       ;       ; 5.977 ;
; a[1]       ; coutmen     ;       ; 6.067 ; 6.067 ;       ;
; a[1]       ; rdisp[1]    ; 5.924 ; 5.267 ; 5.267 ; 5.924 ;
; a[1]       ; rdisp[2]    ; 6.074 ; 6.074 ; 6.074 ; 6.074 ;
; a[1]       ; rdisp[3]    ; 6.182 ; 6.182 ; 6.182 ; 6.182 ;
; a[1]       ; rinv[1]     ;       ; 5.006 ; 5.006 ;       ;
; a[1]       ; rsoma[1]    ; 5.458 ; 5.458 ; 5.458 ; 5.458 ;
; a[1]       ; rsoma[2]    ; 5.757 ; 5.757 ; 5.757 ; 5.757 ;
; a[1]       ; rsoma[3]    ; 6.138 ; 6.138 ; 6.138 ; 6.138 ;
; a[1]       ; rsub[1]     ; 5.436 ; 5.436 ; 5.436 ; 5.436 ;
; a[1]       ; rsub[2]     ; 5.898 ; 5.898 ; 5.898 ; 5.898 ;
; a[1]       ; rsub[3]     ; 6.062 ; 6.062 ; 6.062 ; 6.062 ;
; a[2]       ; cout        ; 6.241 ; 5.987 ; 5.987 ; 6.241 ;
; a[2]       ; coutmai     ; 5.582 ;       ;       ; 5.582 ;
; a[2]       ; coutmen     ;       ; 5.594 ; 5.594 ;       ;
; a[2]       ; rdisp[2]    ; 5.597 ; 5.597 ; 5.597 ; 5.597 ;
; a[2]       ; rdisp[3]    ; 5.709 ; 5.709 ; 5.709 ; 5.709 ;
; a[2]       ; rinv[2]     ;       ; 4.695 ; 4.695 ;       ;
; a[2]       ; rsoma[2]    ; 5.360 ; 5.360 ; 5.360 ; 5.360 ;
; a[2]       ; rsoma[3]    ; 5.740 ; 5.740 ; 5.740 ; 5.740 ;
; a[2]       ; rsub[2]     ; 5.421 ; 5.421 ; 5.421 ; 5.421 ;
; a[2]       ; rsub[3]     ; 5.589 ; 5.589 ; 5.589 ; 5.589 ;
; a[3]       ; cout        ; 5.976 ; 5.726 ; 5.726 ; 5.976 ;
; a[3]       ; coutmai     ; 5.317 ;       ;       ; 5.317 ;
; a[3]       ; coutmen     ;       ; 5.333 ; 5.333 ;       ;
; a[3]       ; rdisp[3]    ; 5.448 ; 5.448 ; 5.448 ; 5.448 ;
; a[3]       ; rinv[3]     ;       ; 4.726 ; 4.726 ;       ;
; a[3]       ; rsoma[3]    ; 5.417 ; 5.417 ; 5.417 ; 5.417 ;
; a[3]       ; rsub[3]     ; 5.328 ; 5.328 ; 5.328 ; 5.328 ;
; b[0]       ; cout        ; 4.366 ; 4.545 ; 4.545 ; 4.366 ;
; b[0]       ; coutmai     ;       ; 3.886 ; 3.886 ;       ;
; b[0]       ; coutmen     ; 3.973 ;       ;       ; 3.973 ;
; b[0]       ; rdisp[0]    ; 3.365 ; 3.365 ; 3.365 ; 3.365 ;
; b[0]       ; rdisp[1]    ; 3.833 ; 3.833 ; 3.833 ; 3.833 ;
; b[0]       ; rdisp[2]    ; 3.980 ; 3.980 ; 3.980 ; 3.980 ;
; b[0]       ; rdisp[3]    ; 4.088 ; 4.088 ; 4.088 ; 4.088 ;
; b[0]       ; rsoma[0]    ; 3.239 ; 3.239 ; 3.239 ; 3.239 ;
; b[0]       ; rsoma[1]    ; 3.367 ; 3.367 ; 3.367 ; 3.367 ;
; b[0]       ; rsoma[2]    ; 3.668 ; 3.668 ; 3.668 ; 3.668 ;
; b[0]       ; rsoma[3]    ; 4.049 ; 4.049 ; 4.049 ; 4.049 ;
; b[0]       ; rsub[0]     ; 3.239 ; 3.239 ; 3.239 ; 3.239 ;
; b[0]       ; rsub[1]     ; 3.350 ; 3.350 ; 3.350 ; 3.350 ;
; b[0]       ; rsub[2]     ; 3.804 ; 3.804 ; 3.804 ; 3.804 ;
; b[0]       ; rsub[3]     ; 3.968 ; 3.968 ; 3.968 ; 3.968 ;
; b[1]       ; cout        ; 6.329 ; 6.512 ; 6.512 ; 6.329 ;
; b[1]       ; coutmai     ;       ; 5.853 ; 5.853 ;       ;
; b[1]       ; coutmen     ; 5.936 ;       ;       ; 5.936 ;
; b[1]       ; rdisp[1]    ; 5.800 ; 5.800 ; 5.800 ; 5.800 ;
; b[1]       ; rdisp[2]    ; 5.943 ; 5.943 ; 5.943 ; 5.943 ;
; b[1]       ; rdisp[3]    ; 6.051 ; 6.051 ; 6.051 ; 6.051 ;
; b[1]       ; rsoma[1]    ; 5.334 ; 5.334 ; 5.334 ; 5.334 ;
; b[1]       ; rsoma[2]    ; 5.630 ; 5.630 ; 5.630 ; 5.630 ;
; b[1]       ; rsoma[3]    ; 6.011 ; 6.011 ; 6.011 ; 6.011 ;
; b[1]       ; rsub[1]     ; 5.313 ; 5.313 ; 5.313 ; 5.313 ;
; b[1]       ; rsub[2]     ; 5.767 ; 5.767 ; 5.767 ; 5.767 ;
; b[1]       ; rsub[3]     ; 5.931 ; 5.931 ; 5.931 ; 5.931 ;
; b[2]       ; cout        ; 5.979 ; 6.238 ; 6.238 ; 5.979 ;
; b[2]       ; coutmai     ;       ; 5.579 ; 5.579 ;       ;
; b[2]       ; coutmen     ; 5.586 ;       ;       ; 5.586 ;
; b[2]       ; rdisp[2]    ; 5.589 ; 5.589 ; 5.589 ; 5.589 ;
; b[2]       ; rdisp[3]    ; 5.701 ; 5.701 ; 5.701 ; 5.701 ;
; b[2]       ; rsoma[2]    ; 5.352 ; 5.352 ; 5.352 ; 5.352 ;
; b[2]       ; rsoma[3]    ; 5.733 ; 5.733 ; 5.733 ; 5.733 ;
; b[2]       ; rsub[2]     ; 5.413 ; 5.413 ; 5.413 ; 5.413 ;
; b[2]       ; rsub[3]     ; 5.581 ; 5.581 ; 5.581 ; 5.581 ;
; b[3]       ; cout        ; 5.782 ; 6.032 ; 6.032 ; 5.782 ;
; b[3]       ; coutmai     ;       ; 5.373 ; 5.373 ;       ;
; b[3]       ; coutmen     ; 5.389 ;       ;       ; 5.389 ;
; b[3]       ; rdisp[3]    ; 5.496 ; 5.496 ; 5.496 ; 5.496 ;
; b[3]       ; rsoma[3]    ; 5.386 ; 5.386 ; 5.386 ; 5.386 ;
; b[3]       ; rsub[3]     ; 5.376 ; 5.376 ; 5.376 ; 5.376 ;
; key[0]     ; cout        ; 5.868 ; 5.437 ; 5.437 ; 5.868 ;
; key[0]     ; rdisp[0]    ; 5.760 ;       ;       ; 5.760 ;
; key[0]     ; rdisp[1]    ; 5.651 ; 5.989 ; 5.989 ; 5.651 ;
; key[0]     ; rdisp[2]    ; 5.852 ; 6.029 ; 6.029 ; 5.852 ;
; key[0]     ; rdisp[3]    ; 5.738 ; 5.932 ; 5.932 ; 5.738 ;
; key[1]     ; cout        ; 5.927 ; 5.522 ; 5.522 ; 5.927 ;
; key[1]     ; rdisp[0]    ; 5.819 ; 5.922 ; 5.922 ; 5.819 ;
; key[1]     ; rdisp[1]    ; 5.710 ; 5.986 ; 5.986 ; 5.710 ;
; key[1]     ; rdisp[2]    ; 6.122 ; 5.910 ; 5.910 ; 6.122 ;
; key[1]     ; rdisp[3]    ; 5.926 ; 5.796 ; 5.796 ; 5.926 ;
; key[2]     ; cout        ; 5.477 ; 5.890 ; 5.890 ; 5.477 ;
; key[2]     ; rdisp[0]    ; 5.787 ; 5.876 ; 5.876 ; 5.787 ;
; key[2]     ; rdisp[1]    ; 5.678 ; 5.951 ; 5.951 ; 5.678 ;
; key[2]     ; rdisp[2]    ; 6.090 ; 5.875 ; 5.875 ; 6.090 ;
; key[2]     ; rdisp[3]    ; 5.894 ; 5.761 ; 5.761 ; 5.894 ;
; ld         ; cout        ; 5.652 ;       ;       ; 5.652 ;
; ld         ; rdisp[0]    ; 5.963 ;       ;       ; 5.963 ;
; ld         ; rdisp[1]    ; 5.854 ;       ;       ; 5.854 ;
; ld         ; rdisp[2]    ; 6.052 ;       ;       ; 6.052 ;
; ld         ; rdisp[3]    ; 5.938 ;       ;       ; 5.938 ;
+------------+-------------+-------+-------+-------+-------+


-------------------
; Clock Transfers ;
-------------------
Nothing to report.


---------------
; Report TCCS ;
---------------
No dedicated SERDES Transmitter circuitry present in device or used in design


---------------
; Report RSKM ;
---------------
No dedicated SERDES Receiver circuitry present in device or used in design


+------------------------------------------------+
; Unconstrained Paths                            ;
+---------------------------------+-------+------+
; Property                        ; Setup ; Hold ;
+---------------------------------+-------+------+
; Illegal Clocks                  ; 0     ; 0    ;
; Unconstrained Clocks            ; 0     ; 0    ;
; Unconstrained Input Ports       ; 12    ; 12   ;
; Unconstrained Input Port Paths  ; 108   ; 108  ;
; Unconstrained Output Ports      ; 19    ; 19   ;
; Unconstrained Output Port Paths ; 108   ; 108  ;
+---------------------------------+-------+------+


+------------------------------------+
; TimeQuest Timing Analyzer Messages ;
+------------------------------------+
Info: *******************************************************************
Info: Running Quartus II 32-bit TimeQuest Timing Analyzer
    Info: Version 13.0.0 Build 156 04/24/2013 SJ Web Edition
    Info: Processing started: Sat Apr 06 23:02:01 2019
Info: Command: quartus_sta Projeto -c Projeto
Info: qsta_default_script.tcl version: #1
Warning (20028): Parallel compilation is not licensed and has been disabled
Info (21077): Low junction temperature is 0 degrees C
Info (21077): High junction temperature is 85 degrees C
Critical Warning (332012): Synopsys Design Constraints File file not found: 'Projeto.sdc'. A Synopsys Design Constraints File is required by the TimeQuest Timing Analyzer to get proper timing constraints. Without it, the Compiler will not properly optimize the design.
Info (332142): No user constrained base clocks found in the design. Calling "derive_clocks -period 1.0"
Info (332096): The command derive_clocks did not find any clocks to derive.  No clocks were created or changed.
Warning (332068): No clocks defined in design.
Info: Found TIMEQUEST_REPORT_SCRIPT_INCLUDE_DEFAULT_ANALYSIS = ON
Info (332159): No clocks to report
Info: Analyzing Slow Model
Info (332140): No fmax paths to report
Info (332140): No Setup paths to report
Info (332140): No Hold paths to report
Info (332140): No Recovery paths to report
Info (332140): No Removal paths to report
Info (332140): No Minimum Pulse Width paths to report
Info (332001): The selected device family is not supported by the report_metastability command.
Info: Analyzing Fast Model
Info (332142): No user constrained base clocks found in the design. Calling "derive_clocks -period 1.0"
Info (332096): The command derive_clocks did not find any clocks to derive.  No clocks were created or changed.
Warning (332068): No clocks defined in design.
Info (332140): No Setup paths to report
Info (332140): No Hold paths to report
Info (332140): No Recovery paths to report
Info (332140): No Removal paths to report
Info (332140): No Minimum Pulse Width paths to report
Info (332001): The selected device family is not supported by the report_metastability command.
Info (332102): Design is not fully constrained for setup requirements
Info (332102): Design is not fully constrained for hold requirements
Info: Quartus II 32-bit TimeQuest Timing Analyzer was successful. 0 errors, 4 warnings
    Info: Peak virtual memory: 0 megabytes
    Info: Processing ended: Sat Apr 06 23:02:02 2019
    Info: Elapsed time: 00:00:01
    Info: Total CPU time (on all processors): 00:00:01


